Archive member included to satisfy reference by file (symbol)

c:/progra~2/gnuarm~1/102020~1/bin/../lib/gcc/arm-none-eabi/10.2.1/../../../../arm-none-eabi/lib/thumb/v6-m/nofp\libstdc++.a(guard.o)
                              CMakeFiles/kanjis.dir/ImageClassification.cpp.obj (__cxa_guard_acquire)
c:/progra~2/gnuarm~1/102020~1/bin/../lib/gcc/arm-none-eabi/10.2.1/../../../../arm-none-eabi/lib/thumb/v6-m/nofp\libstdc++.a(guard_error.o)
                              c:/progra~2/gnuarm~1/102020~1/bin/../lib/gcc/arm-none-eabi/10.2.1/../../../../arm-none-eabi/lib/thumb/v6-m/nofp\libstdc++.a(guard.o) (__gnu_cxx::recursive_init_error::~recursive_init_error())
c:/progra~2/gnuarm~1/102020~1/bin/../lib/gcc/arm-none-eabi/10.2.1/../../../../arm-none-eabi/lib/thumb/v6-m/nofp\libstdc++.a(si_class_type_info.o)
                              c:/progra~2/gnuarm~1/102020~1/bin/../lib/gcc/arm-none-eabi/10.2.1/../../../../arm-none-eabi/lib/thumb/v6-m/nofp\libstdc++.a(guard_error.o) (vtable for __cxxabiv1::__si_class_type_info)
c:/progra~2/gnuarm~1/102020~1/bin/../lib/gcc/arm-none-eabi/10.2.1/../../../../arm-none-eabi/lib/thumb/v6-m/nofp\libstdc++.a(tinfo.o)
                              c:/progra~2/gnuarm~1/102020~1/bin/../lib/gcc/arm-none-eabi/10.2.1/../../../../arm-none-eabi/lib/thumb/v6-m/nofp\libstdc++.a(si_class_type_info.o) (std::type_info::__is_pointer_p() const)
c:/progra~2/gnuarm~1/102020~1/bin/../lib/gcc/arm-none-eabi/10.2.1/../../../../arm-none-eabi/lib/thumb/v6-m/nofp\libstdc++.a(class_type_info.o)
                              c:/progra~2/gnuarm~1/102020~1/bin/../lib/gcc/arm-none-eabi/10.2.1/../../../../arm-none-eabi/lib/thumb/v6-m/nofp\libstdc++.a(si_class_type_info.o) (__cxxabiv1::__class_type_info::__do_upcast(__cxxabiv1::__class_type_info const*, void**) const)
c:/progra~2/gnuarm~1/102020~1/bin/../lib/gcc/arm-none-eabi/10.2.1/../../../../arm-none-eabi/lib/thumb/v6-m/nofp\libstdc++.a(eh_alloc.o)
                              c:/progra~2/gnuarm~1/102020~1/bin/../lib/gcc/arm-none-eabi/10.2.1/../../../../arm-none-eabi/lib/thumb/v6-m/nofp\libstdc++.a(guard.o) (__cxa_allocate_exception)
c:/progra~2/gnuarm~1/102020~1/bin/../lib/gcc/arm-none-eabi/10.2.1/../../../../arm-none-eabi/lib/thumb/v6-m/nofp\libstdc++.a(eh_exception.o)
                              c:/progra~2/gnuarm~1/102020~1/bin/../lib/gcc/arm-none-eabi/10.2.1/../../../../arm-none-eabi/lib/thumb/v6-m/nofp\libstdc++.a(guard_error.o) (std::exception::~exception())
c:/progra~2/gnuarm~1/102020~1/bin/../lib/gcc/arm-none-eabi/10.2.1/../../../../arm-none-eabi/lib/thumb/v6-m/nofp\libstdc++.a(eh_terminate.o)
                              c:/progra~2/gnuarm~1/102020~1/bin/../lib/gcc/arm-none-eabi/10.2.1/../../../../arm-none-eabi/lib/thumb/v6-m/nofp\libstdc++.a(eh_alloc.o) (std::terminate())
c:/progra~2/gnuarm~1/102020~1/bin/../lib/gcc/arm-none-eabi/10.2.1/../../../../arm-none-eabi/lib/thumb/v6-m/nofp\libstdc++.a(eh_throw.o)
                              c:/progra~2/gnuarm~1/102020~1/bin/../lib/gcc/arm-none-eabi/10.2.1/../../../../arm-none-eabi/lib/thumb/v6-m/nofp\libstdc++.a(guard.o) (__cxa_throw)
c:/progra~2/gnuarm~1/102020~1/bin/../lib/gcc/arm-none-eabi/10.2.1/../../../../arm-none-eabi/lib/thumb/v6-m/nofp\libstdc++.a(eh_unex_handler.o)
                              c:/progra~2/gnuarm~1/102020~1/bin/../lib/gcc/arm-none-eabi/10.2.1/../../../../arm-none-eabi/lib/thumb/v6-m/nofp\libstdc++.a(eh_terminate.o) (__cxxabiv1::__unexpected_handler)
c:/progra~2/gnuarm~1/102020~1/bin/../lib/gcc/arm-none-eabi/10.2.1/../../../../arm-none-eabi/lib/thumb/v6-m/nofp\libstdc++.a(pure.o)
                              c:/progra~2/gnuarm~1/102020~1/bin/../lib/gcc/arm-none-eabi/10.2.1/../../../../arm-none-eabi/lib/thumb/v6-m/nofp\libstdc++.a(eh_exception.o) (__cxa_pure_virtual)
c:/progra~2/gnuarm~1/102020~1/bin/../lib/gcc/arm-none-eabi/10.2.1/../../../../arm-none-eabi/lib/thumb/v6-m/nofp\libstdc++.a(vterminate.o)
                              c:/progra~2/gnuarm~1/102020~1/bin/../lib/gcc/arm-none-eabi/10.2.1/../../../../arm-none-eabi/lib/thumb/v6-m/nofp\libstdc++.a(eh_terminate.o) (__gnu_cxx::__verbose_terminate_handler())
c:/progra~2/gnuarm~1/102020~1/bin/../lib/gcc/arm-none-eabi/10.2.1/../../../../arm-none-eabi/lib/thumb/v6-m/nofp\libstdc++.a(cp-demangle.o)
                              c:/progra~2/gnuarm~1/102020~1/bin/../lib/gcc/arm-none-eabi/10.2.1/../../../../arm-none-eabi/lib/thumb/v6-m/nofp\libstdc++.a(vterminate.o) (__cxa_demangle)
c:/progra~2/gnuarm~1/102020~1/bin/../lib/gcc/arm-none-eabi/10.2.1/../../../../arm-none-eabi/lib/thumb/v6-m/nofp\libstdc++.a(eh_arm.o)
                              c:/progra~2/gnuarm~1/102020~1/bin/../lib/gcc/arm-none-eabi/10.2.1/../../../../arm-none-eabi/lib/thumb/v6-m/nofp\libstdc++.a(eh_terminate.o) (__cxa_end_cleanup)
c:/progra~2/gnuarm~1/102020~1/bin/../lib/gcc/arm-none-eabi/10.2.1/../../../../arm-none-eabi/lib/thumb/v6-m/nofp\libstdc++.a(eh_call.o)
[...]
Memory Configuration

Name             Origin             Length             Attributes
FLASH            0x10000000         0x00200000         xr
RAM              0x20000000         0x00040000         xrw
SCRATCH_X        0x20040000         0x00001000         xrw
SCRATCH_Y        0x20041000         0x00001000         xrw
*default*        0x00000000         0xffffffff

Linker script and memory map

LOAD c:/progra~2/gnuarm~1/102020~1/bin/../lib/gcc/arm-none-eabi/10.2.1/thumb/v6-m/nofp/crti.o
LOAD c:/progra~2/gnuarm~1/102020~1/bin/../lib/gcc/arm-none-eabi/10.2.1/thumb/v6-m/nofp/crtbegin.o
LOAD c:/progra~2/gnuarm~1/102020~1/bin/../lib/gcc/arm-none-eabi/10.2.1/../../../../arm-none-eabi/lib/thumb/v6-m/nofp/crt0.o

.flash_begin    0x10000000        0x0
                0x10000000                __flash_binary_start = .

.boot2          0x10000000      0x100
                0x10000000                __boot2_start__ = .
 *(.boot2)
 .boot2         0x10000000      0x100 C:\Users\10052\AppData\Local\Temp\ccsMa6fL.o
                0x10000100                __boot2_end__ = .
                0x00000001                ASSERT (((__boot2_end__ - __boot2_start__) == 0x100), ERROR: Pico second stage bootloader must be 256 bytes in size)

.text           0x10000100    0x5eaf8
                0x10000100                __logical_binary_start = .
 *(.vectors)
 .vectors       0x10000100       0xd4 CMakeFiles/kanjis.dir/C_/VSARM/sdk/pico/pico-sdk/src/rp2_common/pico_standard_link/crt0.S.obj
                0x10000100                __VECTOR_TABLE
                0x10000100                __vectors
                0x100001c0                isr_invalid
                0x100001c0                __default_isrs_start
                0x100001c2                isr_nmi
                0x100001c4                isr_hardfault
                0x100001c6                isr_svcall
                0x100001c8                isr_pendsv
                0x100001ca                isr_systick
                0x100001cc                isr_irq23
                0x100001cc                isr_irq18
                0x100001cc                isr_irq11
                0x100001cc                isr_irq28
                0x100001cc                isr_irq19
                0x100001cc                isr_irq0
                0x100001cc                isr_irq6
                0x100001cc                isr_irq5
                0x100001cc                isr_irq12
                0x100001cc                isr_irq22
                0x100001cc                isr_irq31
                0x100001cc                isr_irq17
                0x100001cc                isr_irq27
                0x100001cc                isr_irq30
                0x100001cc                isr_irq2
                0x100001cc                isr_irq10
                0x100001cc                isr_irq8
                0x100001cc                isr_irq24
                0x100001cc                isr_irq1
                0x100001cc                isr_irq7
                0x100001cc                isr_irq21
                0x100001cc                isr_irq20
                0x100001cc                isr_irq15
                0x100001cc                isr_irq25
                0x100001cc                isr_irq13
                0x100001cc                __unhandled_user_irq
                0x100001cc                isr_irq4
                0x100001cc                isr_irq16
                0x100001cc                isr_irq29
                0x100001cc                isr_irq26
                0x100001cc                __default_isrs_end
                0x100001cc                isr_irq3
                0x100001cc                isr_irq14
                0x100001cc                isr_irq9
                0x100001d2                unhandled_user_irq_num_in_r0
 *(.binary_info_header)
 .binary_info_header
                0x100001d4       0x14 CMakeFiles/kanjis.dir/C_/VSARM/sdk/pico/pico-sdk/src/rp2_common/pico_standard_link/crt0.S.obj
                0x100001e8                __binary_info_header_end = .
 *(.reset)
 .reset         0x100001e8       0xa8 CMakeFiles/kanjis.dir/C_/VSARM/sdk/pico/pico-sdk/src/rp2_common/pico_standard_link/crt0.S.obj
                0x100001e8                _entry_point
                0x10000266                __get_current_exception
 .reset         0x10000290       0x30 CMakeFiles/kanjis.dir/C_/VSARM/sdk/pico/pico-sdk/src/rp2_common/pico_standard_link/binary_info.c.obj
 *(.init)
 .init          0x100002c0        0x4 c:/progra~2/gnuarm~1/102020~1/bin/../lib/gcc/arm-none-eabi/10.2.1/thumb/v6-m/nofp/crti.o
                0x100002c0                _init
 *(EXCLUDE_FILE(*libm.a: *libc.a:*lib_a-mem*.o *libgcc.a:) .text*)
 .text          0x100002c4       0x48 c:/progra~2/gnuarm~1/102020~1/bin/../lib/gcc/arm-none-eabi/10.2.1/thumb/v6-m/nofp/crtbegin.o
 .text._Z15display_handlerttt
                0x1000030c       0x14 CMakeFiles/kanjis.dir/main.cpp.obj
                0x1000030c                display_handler(unsigned short, unsigned short, unsigned short)
 .text._Z11buf_handlerPttttt
                0x10000320       0x20 CMakeFiles/kanjis.dir/main.cpp.obj
                0x10000320                buf_handler(unsigned short*, unsigned short, unsigned short, unsigned short, unsigned short)
 .text._Z14multicore_taskv
                0x10000340       0xc8 CMakeFiles/kanjis.dir/main.cpp.obj
                0x10000340                multicore_task()
 .text._Z5clearv
                0x10000408       0x30 CMakeFiles/kanjis.dir/main.cpp.obj
                0x10000408                clear()
 .text.startup.main
                0x10000438      0x260 CMakeFiles/kanjis.dir/main.cpp.obj
                0x10000438                main
 .text._ZN7ILI93414InitEv
                0x10000698      0x168 CMakeFiles/kanjis.dir/ILI9341Driver.cpp.obj
                0x10000698                ILI9341::Init()
 .text._ZN7ILI934110RGBto16bitEhhh
                0x10000800       0x10 CMakeFiles/kanjis.dir/ILI9341Driver.cpp.obj
                0x10000800                ILI9341::RGBto16bit(unsigned char, unsigned char, unsigned char)
 .text._ZN7ILI934113FillSmallAreaEttttt
                0x10000810      0x174 CMakeFiles/kanjis.dir/ILI9341Driver.cpp.obj
                0x10000810                ILI9341::FillSmallArea(unsigned short, unsigned short, unsigned short, unsigned short, unsigned short)
 .text._ZN7ILI934110WritePixelEttt
                0x10000984      0x12c CMakeFiles/kanjis.dir/ILI9341Driver.cpp.obj
                0x10000984                ILI9341::WritePixel(unsigned short, unsigned short, unsigned short)
 .text._ZN7ILI934115WriteSmallImageEPKttttt
                0x10000ab0      0x168 CMakeFiles/kanjis.dir/ILI9341Driver.cpp.obj
                0x10000ab0                ILI9341::WriteSmallImage(unsigned short const*, unsigned short, unsigned short, unsigned short, unsigned short)
 .text._ZN7ILI93419ReadTouchEPtS0_
                0x10000c18      0x4c0 CMakeFiles/kanjis.dir/ILI9341Driver.cpp.obj
                0x10000c18                ILI9341::ReadTouch(unsigned short*, unsigned short*)
 .text._Z14find_n_largestPaPttt
                0x100010d8       0x88 CMakeFiles/kanjis.dir/DataProcessing.cpp.obj
                0x100010d8                find_n_largest(signed char*, unsigned short*, unsigned short, unsigned short)
 .text.__tcf_0  0x10001160        0x4 CMakeFiles/kanjis.dir/ImageClassification.cpp.obj
 .text.__tcf_2  0x10001164       0x10 CMakeFiles/kanjis.dir/ImageClassification.cpp.obj
 .text.__tcf_1  0x10001174        0x4 CMakeFiles/kanjis.dir/ImageClassification.cpp.obj
 .text._Z14InitTensorflowv
                0x10001178      0x140 CMakeFiles/kanjis.dir/ImageClassification.cpp.obj
                0x10001178                InitTensorflow()
 .text._Z14GetNMostLikelyPA64_KaPtt
                0x100012b8       0x70 CMakeFiles/kanjis.dir/ImageClassification.cpp.obj
                0x100012b8                GetNMostLikely(signed char const (*) [64], unsigned short*, unsigned short)
 .text._ZN15GFXFontRenderer7SetFontE7GFXfontt
                0x10001328       0x24 CMakeFiles/kanjis.dir/GFXFontRenderer.cpp.obj
                0x10001328                GFXFontRenderer::SetFont(GFXfont, unsigned short)
 .text._ZN15GFXFontRenderer17SetDisplayHandlerEPFvtttE
                0x1000134c        0x4 CMakeFiles/kanjis.dir/GFXFontRenderer.cpp.obj
                0x1000134c                GFXFontRenderer::SetDisplayHandler(void (*)(unsigned short, unsigned short, unsigned short))
 .text._ZN10FileReader11throw_errorE7FRESULTPKc
                0x10001350       0x20 CMakeFiles/kanjis.dir/FileReader.cpp.obj
                0x10001350                FileReader::throw_error(FRESULT, char const*)
 .text._ZN10FileReader5MountEv
                0x10001370       0x48 CMakeFiles/kanjis.dir/FileReader.cpp.obj
                0x10001370                FileReader::Mount()
 .text._ZN10FileReader8OpenFileEPKc
                0x100013b8       0x20 CMakeFiles/kanjis.dir/FileReader.cpp.obj
                0x100013b8                FileReader::OpenFile(char const*)
 .text._ZN10FileReader12ReadAtOffsetEmPhtPj
                0x100013d8       0x44 CMakeFiles/kanjis.dir/FileReader.cpp.obj
                0x100013d8                FileReader::ReadAtOffset(unsigned long, unsigned char*, unsigned short, unsigned int*)
 .text._ZN13KanjiRenderer13SetFontColourEt
                0x1000141c        0xc CMakeFiles/kanjis.dir/KanjiRenderer.cpp.obj
                0x1000141c                KanjiRenderer::SetFontColour(unsigned short)
 .text._ZN13KanjiRenderer17SetDisplayHandlerEPFvPtttttE
                0x10001428        0x4 CMakeFiles/kanjis.dir/KanjiRenderer.cpp.obj
                0x10001428                KanjiRenderer::SetDisplayHandler(void (*)(unsigned short*, unsigned short, unsigned short, unsigned short, unsigned short))
 .text._ZN13KanjiRenderer8OpenFileEPKch
                0x1000142c       0x24 CMakeFiles/kanjis.dir/KanjiRenderer.cpp.obj
                0x1000142c                KanjiRenderer::OpenFile(char const*, unsigned char)
 .text._ZN13KanjiRenderer6RenderEttt
                0x10001450      0x104 CMakeFiles/kanjis.dir/KanjiRenderer.cpp.obj
                0x10001450                KanjiRenderer::Render(unsigned short, unsigned short, unsigned short)
 .text.spi_dma_isr
                0x10001554       0x10 CMakeFiles/kanjis.dir/hw_config.c.obj
                0x10001554                spi_dma_isr
 .text.sd_get_num
                0x10001564        0x4 CMakeFiles/kanjis.dir/hw_config.c.obj
                0x10001564                sd_get_num
 .text.sd_get_by_num
                0x10001568       0x20 CMakeFiles/kanjis.dir/hw_config.c.obj
                0x10001568                sd_get_by_num
 .text.spi_get_num
                0x10001588        0x4 CMakeFiles/kanjis.dir/hw_config.c.obj
                0x10001588                spi_get_num
 .text.spi_get_by_num
                0x1000158c       0x14 CMakeFiles/kanjis.dir/hw_config.c.obj
                0x1000158c                spi_get_by_num
 .text.set_sys_clock_pll
                0x100015a0       0x78 CMakeFiles/kanjis.dir/C_/VSARM/sdk/pico/pico-sdk/src/rp2_common/pico_stdlib/stdlib.c.obj
                0x100015a0                set_sys_clock_pll
 .text.check_sys_clock_khz
                0x10001618      0x178 CMakeFiles/kanjis.dir/C_/VSARM/sdk/pico/pico-sdk/src/rp2_common/pico_stdlib/stdlib.c.obj
                0x10001618                check_sys_clock_khz
 .text.setup_default_uart
                0x10001790       0x2c CMakeFiles/kanjis.dir/C_/VSARM/sdk/pico/pico-sdk/src/rp2_common/pico_stdlib/stdlib.c.obj
                0x10001790                setup_default_uart
 .text.gpio_set_function
                0x100017bc       0x30 CMakeFiles/kanjis.dir/C_/VSARM/sdk/pico/pico-sdk/src/rp2_common/hardware_gpio/gpio.c.obj
                0x100017bc                gpio_set_function
 .text.gpio_set_pulls
                0x100017ec       0x30 CMakeFiles/kanjis.dir/C_/VSARM/sdk/pico/pico-sdk/src/rp2_common/hardware_gpio/gpio.c.obj
                0x100017ec                gpio_set_pulls
 .text.gpio_set_drive_strength
                0x1000181c       0x20 CMakeFiles/kanjis.dir/C_/VSARM/sdk/pico/pico-sdk/src/rp2_common/hardware_gpio/gpio.c.obj
                0x1000181c                gpio_set_drive_strength
 .text.gpio_init
                0x1000183c       0x3c CMakeFiles/kanjis.dir/C_/VSARM/sdk/pico/pico-sdk/src/rp2_common/hardware_gpio/gpio.c.obj
                0x1000183c                gpio_init
 .text.hw_claim_or_assert
                0x10001878       0x44 CMakeFiles/kanjis.dir/C_/VSARM/sdk/pico/pico-sdk/src/rp2_common/hardware_claim/claim.c.obj
                0x10001878                hw_claim_or_assert
 .text.hw_claim_unused_from_range
                0x100018bc       0x9c CMakeFiles/kanjis.dir/C_/VSARM/sdk/pico/pico-sdk/src/rp2_common/hardware_claim/claim.c.obj
                0x100018bc                hw_claim_unused_from_range
 .text.running_on_fpga
                0x10001958       0x10 CMakeFiles/kanjis.dir/C_/VSARM/sdk/pico/pico-sdk/src/rp2_common/pico_platform/platform.c.obj
                0x10001958                running_on_fpga
 .text.spin_locks_reset
                0x10001968       0x1c CMakeFiles/kanjis.dir/C_/VSARM/sdk/pico/pico-sdk/src/rp2_common/hardware_sync/sync.c.obj
                0x10001968                spin_locks_reset
 .text.next_striped_spin_lock_num
                0x10001984       0x18 CMakeFiles/kanjis.dir/C_/VSARM/sdk/pico/pico-sdk/src/rp2_common/hardware_sync/sync.c.obj
                0x10001984                next_striped_spin_lock_num
 .text.spin_lock_claim_unused
                0x1000199c       0x20 CMakeFiles/kanjis.dir/C_/VSARM/sdk/pico/pico-sdk/src/rp2_common/hardware_sync/sync.c.obj
                0x1000199c                spin_lock_claim_unused
 .text.uart_init
                0x100019bc       0xe0 CMakeFiles/kanjis.dir/C_/VSARM/sdk/pico/pico-sdk/src/rp2_common/hardware_uart/uart.c.obj
                0x100019bc                uart_init
 .text.timer_pool_entry_comparator
                0x10001a9c       0x34 CMakeFiles/kanjis.dir/C_/VSARM/sdk/pico/pico-sdk/src/common/pico_time/time.c.obj
                0x10001a9c                timer_pool_entry_comparator
 .text.sleep_until_callback
                0x10001ad0       0x30 CMakeFiles/kanjis.dir/C_/VSARM/sdk/pico/pico-sdk/src/common/pico_time/time.c.obj
 .text.add_alarm_under_lock.isra.0
                0x10001b00      0x100 CMakeFiles/kanjis.dir/C_/VSARM/sdk/pico/pico-sdk/src/common/pico_time/time.c.obj
 .text.alarm_pool_alarm_callback
                0x10001c00      0x1c8 CMakeFiles/kanjis.dir/C_/VSARM/sdk/pico/pico-sdk/src/common/pico_time/time.c.obj
 .text.alarm_pool_add_alarm_at.constprop.0
                0x10001dc8      0x11c CMakeFiles/kanjis.dir/C_/VSARM/sdk/pico/pico-sdk/src/common/pico_time/time.c.obj
 .text.alarm_pool_init_default
                0x10001ee4       0x64 CMakeFiles/kanjis.dir/C_/VSARM/sdk/pico/pico-sdk/src/common/pico_time/time.c.obj
                0x10001ee4                alarm_pool_init_default
 .text.alarm_pool_get_default
                0x10001f48        0x8 CMakeFiles/kanjis.dir/C_/VSARM/sdk/pico/pico-sdk/src/common/pico_time/time.c.obj
                0x10001f48                alarm_pool_get_default
 .text.alarm_pool_add_alarm_at
                0x10001f50      0x198 CMakeFiles/kanjis.dir/C_/VSARM/sdk/pico/pico-sdk/src/common/pico_time/time.c.obj
                0x10001f50                alarm_pool_add_alarm_at
 .text.sleep_until
                0x100020e8       0xac CMakeFiles/kanjis.dir/C_/VSARM/sdk/pico/pico-sdk/src/common/pico_time/time.c.obj
                0x100020e8                sleep_until
 .text.sleep_ms
                0x10002194       0x38 CMakeFiles/kanjis.dir/C_/VSARM/sdk/pico/pico-sdk/src/common/pico_time/time.c.obj
                0x10002194                sleep_ms
 .text.best_effort_wfe_or_timeout
                0x100021cc       0xd4 CMakeFiles/kanjis.dir/C_/VSARM/sdk/pico/pico-sdk/src/common/pico_time/time.c.obj
                0x100021cc                best_effort_wfe_or_timeout
 .text.hardware_alarm_irq_handler
                0x100022a0       0xb8 CMakeFiles/kanjis.dir/C_/VSARM/sdk/pico/pico-sdk/src/rp2_common/hardware_timer/timer.c.obj
 .text.hardware_alarm_claim
                0x10002358       0x18 CMakeFiles/kanjis.dir/C_/VSARM/sdk/pico/pico-sdk/src/rp2_common/hardware_timer/timer.c.obj
                0x10002358                hardware_alarm_claim
 .text.time_us_64
                0x10002370       0x14 CMakeFiles/kanjis.dir/C_/VSARM/sdk/pico/pico-sdk/src/rp2_common/hardware_timer/timer.c.obj
                0x10002370                time_us_64
 .text.busy_wait_us
                0x10002384       0x54 CMakeFiles/kanjis.dir/C_/VSARM/sdk/pico/pico-sdk/src/rp2_common/hardware_timer/timer.c.obj
                0x10002384                busy_wait_us
 .text.busy_wait_until
                0x100023d8       0x20 CMakeFiles/kanjis.dir/C_/VSARM/sdk/pico/pico-sdk/src/rp2_common/hardware_timer/timer.c.obj
                0x100023d8                busy_wait_until
 .text.hardware_alarm_set_callback
                0x100023f8       0x8c CMakeFiles/kanjis.dir/C_/VSARM/sdk/pico/pico-sdk/src/rp2_common/hardware_timer/timer.c.obj
                0x100023f8                hardware_alarm_set_callback
 .text.hardware_alarm_set_target
                0x10002484       0xe0 CMakeFiles/kanjis.dir/C_/VSARM/sdk/pico/pico-sdk/src/rp2_common/hardware_timer/timer.c.obj
                0x10002484                hardware_alarm_set_target
 .text.hardware_alarm_cancel
                0x10002564       0x3c CMakeFiles/kanjis.dir/C_/VSARM/sdk/pico/pico-sdk/src/rp2_common/hardware_timer/timer.c.obj
                0x10002564                hardware_alarm_cancel
 .text.sem_init
                0x100025a0       0x20 CMakeFiles/kanjis.dir/C_/VSARM/sdk/pico/pico-sdk/src/common/pico_sync/sem.c.obj
                0x100025a0                sem_init
 .text.lock_init
                0x100025c0       0x10 CMakeFiles/kanjis.dir/C_/VSARM/sdk/pico/pico-sdk/src/common/pico_sync/lock_core.c.obj
                0x100025c0                lock_init
 .text.mutex_init
                0x100025d0       0x1c CMakeFiles/kanjis.dir/C_/VSARM/sdk/pico/pico-sdk/src/common/pico_sync/mutex.c.obj
                0x100025d0                mutex_init
 .text.recursive_mutex_init
                0x100025ec       0x1c CMakeFiles/kanjis.dir/C_/VSARM/sdk/pico/pico-sdk/src/common/pico_sync/mutex.c.obj
                0x100025ec                recursive_mutex_init
 .text.critical_section_init
                0x10002608       0x20 CMakeFiles/kanjis.dir/C_/VSARM/sdk/pico/pico-sdk/src/common/pico_sync/critical_section.c.obj
                0x10002608                critical_section_init
 .text.ph_merge_nodes
                0x10002628       0x68 CMakeFiles/kanjis.dir/C_/VSARM/sdk/pico/pico-sdk/src/common/pico_util/pheap.c.obj
 .text.ph_post_alloc_init
                0x10002690       0x3c CMakeFiles/kanjis.dir/C_/VSARM/sdk/pico/pico-sdk/src/common/pico_util/pheap.c.obj
                0x10002690                ph_post_alloc_init
 .text.ph_merge_two_pass
                0x100026cc       0x90 CMakeFiles/kanjis.dir/C_/VSARM/sdk/pico/pico-sdk/src/common/pico_util/pheap.c.obj
                0x100026cc                ph_merge_two_pass
 .text.ph_remove_any_head
                0x1000275c       0xf8 CMakeFiles/kanjis.dir/C_/VSARM/sdk/pico/pico-sdk/src/common/pico_util/pheap.c.obj
 .text.ph_remove_head
                0x10002854       0xfc CMakeFiles/kanjis.dir/C_/VSARM/sdk/pico/pico-sdk/src/common/pico_util/pheap.c.obj
                0x10002854                ph_remove_head
 .text.ph_remove_and_free_node
                0x10002950       0x7c CMakeFiles/kanjis.dir/C_/VSARM/sdk/pico/pico-sdk/src/common/pico_util/pheap.c.obj
                0x10002950                ph_remove_and_free_node
 .text.runtime_init
                0x100029cc       0xf0 CMakeFiles/kanjis.dir/C_/VSARM/sdk/pico/pico-sdk/src/rp2_common/pico_runtime/runtime.c.obj
                0x100029cc                runtime_init
 .text._exit    0x10002abc        0x4 CMakeFiles/kanjis.dir/C_/VSARM/sdk/pico/pico-sdk/src/rp2_common/pico_runtime/runtime.c.obj
                0x10002abc                _exit
 .text._sbrk    0x10002ac0       0x34 CMakeFiles/kanjis.dir/C_/VSARM/sdk/pico/pico-sdk/src/rp2_common/pico_runtime/runtime.c.obj
                0x10002ac0                _sbrk
 .text.exit     0x10002af4        0x4 CMakeFiles/kanjis.dir/C_/VSARM/sdk/pico/pico-sdk/src/rp2_common/pico_runtime/runtime.c.obj
                0x10002af4                exit
 .text.panic    0x10002af8       0x30 CMakeFiles/kanjis.dir/C_/VSARM/sdk/pico/pico-sdk/src/rp2_common/pico_runtime/runtime.c.obj
                0x10002af8                panic
 .text.hard_assertion_failure
                0x10002b28        0xc CMakeFiles/kanjis.dir/C_/VSARM/sdk/pico/pico-sdk/src/rp2_common/pico_runtime/runtime.c.obj
                0x10002b28                hard_assertion_failure
 .text.clock_configure
                0x10002b34      0x114 CMakeFiles/kanjis.dir/C_/VSARM/sdk/pico/pico-sdk/src/rp2_common/hardware_clocks/clocks.c.obj
                0x10002b34                clock_configure
 .text.clocks_init
                0x10002c48      0x2bc CMakeFiles/kanjis.dir/C_/VSARM/sdk/pico/pico-sdk/src/rp2_common/hardware_clocks/clocks.c.obj
                0x10002c48                clocks_init
 .text.clock_get_hz
                0x10002f04        0xc CMakeFiles/kanjis.dir/C_/VSARM/sdk/pico/pico-sdk/src/rp2_common/hardware_clocks/clocks.c.obj
                0x10002f04                clock_get_hz
 .text.irq_set_enabled
                0x10002f10       0x24 CMakeFiles/kanjis.dir/C_/VSARM/sdk/pico/pico-sdk/src/rp2_common/hardware_irq/irq.c.obj
                0x10002f10                irq_set_enabled
 .text.irq_is_enabled
                0x10002f34       0x18 CMakeFiles/kanjis.dir/C_/VSARM/sdk/pico/pico-sdk/src/rp2_common/hardware_irq/irq.c.obj
                0x10002f34                irq_is_enabled
 .text.irq_set_pending
                0x10002f4c       0x10 CMakeFiles/kanjis.dir/C_/VSARM/sdk/pico/pico-sdk/src/rp2_common/hardware_irq/irq.c.obj
                0x10002f4c                irq_set_pending
 .text.irq_get_vtable_handler
                0x10002f5c       0x10 CMakeFiles/kanjis.dir/C_/VSARM/sdk/pico/pico-sdk/src/rp2_common/hardware_irq/irq.c.obj
                0x10002f5c                irq_get_vtable_handler
 .text.irq_set_exclusive_handler
                0x10002f6c       0x54 CMakeFiles/kanjis.dir/C_/VSARM/sdk/pico/pico-sdk/src/rp2_common/hardware_irq/irq.c.obj
                0x10002f6c                irq_set_exclusive_handler
 .text.irq_add_shared_handler
                0x10002fc0      0x1e4 CMakeFiles/kanjis.dir/C_/VSARM/sdk/pico/pico-sdk/src/rp2_common/hardware_irq/irq.c.obj
                0x10002fc0                irq_add_shared_handler
 .text.irq_remove_handler
                0x100031a4      0x1b4 CMakeFiles/kanjis.dir/C_/VSARM/sdk/pico/pico-sdk/src/rp2_common/hardware_irq/irq.c.obj
                0x100031a4                irq_remove_handler
 .text.irq_add_tail_to_free_list
                0x10003358       0xb4 CMakeFiles/kanjis.dir/C_/VSARM/sdk/pico/pico-sdk/src/rp2_common/hardware_irq/irq.c.obj
                0x10003358                irq_add_tail_to_free_list
 .text.irq_init_priorities
                0x1000340c       0x24 CMakeFiles/kanjis.dir/C_/VSARM/sdk/pico/pico-sdk/src/rp2_common/hardware_irq/irq.c.obj
                0x1000340c                irq_init_priorities
 .text.pll_init
                0x10003430       0xa8 CMakeFiles/kanjis.dir/C_/VSARM/sdk/pico/pico-sdk/src/rp2_common/hardware_pll/pll.c.obj
                0x10003430                pll_init
 .text.vreg_set_voltage
                0x100034d8       0x1c CMakeFiles/kanjis.dir/C_/VSARM/sdk/pico/pico-sdk/src/rp2_common/hardware_vreg/vreg.c.obj
                0x100034d8                vreg_set_voltage
 .text.watchdog_start_tick
                0x100034f4       0x10 CMakeFiles/kanjis.dir/C_/VSARM/sdk/pico/pico-sdk/src/rp2_common/hardware_watchdog/watchdog.c.obj
                0x100034f4                watchdog_start_tick
 .text.watchdog_reboot
                0x10003504       0x98 CMakeFiles/kanjis.dir/C_/VSARM/sdk/pico/pico-sdk/src/rp2_common/hardware_watchdog/watchdog.c.obj
                0x10003504                watchdog_reboot
 .text.xosc_init
                0x1000359c       0x28 CMakeFiles/kanjis.dir/C_/VSARM/sdk/pico/pico-sdk/src/rp2_common/hardware_xosc/xosc.c.obj
                0x1000359c                xosc_init
 .text._out_buffer
                0x100035c4        0x8 CMakeFiles/kanjis.dir/C_/VSARM/sdk/pico/pico-sdk/src/rp2_common/pico_printf/printf.c.obj
 .text._out_null
                0x100035cc        0x4 CMakeFiles/kanjis.dir/C_/VSARM/sdk/pico/pico-sdk/src/rp2_common/pico_printf/printf.c.obj
 .text._out_rev
                0x100035d0       0x9c CMakeFiles/kanjis.dir/C_/VSARM/sdk/pico/pico-sdk/src/rp2_common/pico_printf/printf.c.obj
 .text._ntoa_format
                0x1000366c      0x1cc CMakeFiles/kanjis.dir/C_/VSARM/sdk/pico/pico-sdk/src/rp2_common/pico_printf/printf.c.obj
 .text._out_char
                0x10003838       0x10 CMakeFiles/kanjis.dir/C_/VSARM/sdk/pico/pico-sdk/src/rp2_common/pico_printf/printf.c.obj
 .text._out_fct
                0x10003848       0x10 CMakeFiles/kanjis.dir/C_/VSARM/sdk/pico/pico-sdk/src/rp2_common/pico_printf/printf.c.obj
 .text._etoa    0x10003858      0x44c CMakeFiles/kanjis.dir/C_/VSARM/sdk/pico/pico-sdk/src/rp2_common/pico_printf/printf.c.obj
 .text._ftoa    0x10003ca4      0x398 CMakeFiles/kanjis.dir/C_/VSARM/sdk/pico/pico-sdk/src/rp2_common/pico_printf/printf.c.obj
 .text._vsnprintf
                0x1000403c      0xb04 CMakeFiles/kanjis.dir/C_/VSARM/sdk/pico/pico-sdk/src/rp2_common/pico_printf/printf.c.obj
 .text.__wrap_sprintf
                0x10004b40       0x28 CMakeFiles/kanjis.dir/C_/VSARM/sdk/pico/pico-sdk/src/rp2_common/pico_printf/printf.c.obj
                0x10004b40                __wrap_sprintf
 .text.__wrap_vsnprintf
                0x10004b68       0x1c CMakeFiles/kanjis.dir/C_/VSARM/sdk/pico/pico-sdk/src/rp2_common/pico_printf/printf.c.obj
                0x10004b68                __wrap_vsnprintf
 .text.vfctprintf
                0x10004b84       0x20 CMakeFiles/kanjis.dir/C_/VSARM/sdk/pico/pico-sdk/src/rp2_common/pico_printf/printf.c.obj
                0x10004b84                vfctprintf
 .text.weak_raw_vprintf
                0x10004ba4       0x30 CMakeFiles/kanjis.dir/C_/VSARM/sdk/pico/pico-sdk/src/rp2_common/pico_printf/printf.c.obj
                0x10004ba4                weak_raw_vprintf
 .text          0x10004bd4       0x10 CMakeFiles/kanjis.dir/C_/VSARM/sdk/pico/pico-sdk/src/rp2_common/pico_bit_ops/bit_ops_aeabi.S.obj
 .text.clzsi    0x10004be4        0xc CMakeFiles/kanjis.dir/C_/VSARM/sdk/pico/pico-sdk/src/rp2_common/pico_bit_ops/bit_ops_aeabi.S.obj
                0x10004be4                __wrap___clzsi2
                0x10004be4                __wrap___clzl
                0x10004be4                __wrap___clz
 .text.rom_func_lookup
                0x10004bf0       0x10 CMakeFiles/kanjis.dir/C_/VSARM/sdk/pico/pico-sdk/src/rp2_common/pico_bootrom/bootrom.c.obj
                0x10004bf0                rom_func_lookup
 .text.rom_data_lookup
                0x10004c00       0x10 CMakeFiles/kanjis.dir/C_/VSARM/sdk/pico/pico-sdk/src/rp2_common/pico_bootrom/bootrom.c.obj
                0x10004c00                rom_data_lookup
 .text.rom_funcs_lookup
                0x10004c10       0x44 CMakeFiles/kanjis.dir/C_/VSARM/sdk/pico/pico-sdk/src/rp2_common/pico_bootrom/bootrom.c.obj
                0x10004c10                rom_funcs_lookup
 .text.__wrap___aeabi_idiv
                0x10004c54       0x50 CMakeFiles/kanjis.dir/C_/VSARM/sdk/pico/pico-sdk/src/rp2_common/pico_divider/divider.S.obj
                0x10004c54                __wrap___aeabi_idivmod
                0x10004c54                divmod_s32s32
                0x10004c54                div_s32s32
                0x10004c54                __wrap___aeabi_idiv
                0x10004c5c                divmod_s32s32_unsafe
                0x10004c88                divmod_s32s32_savestate
 .text.__wrap___aeabi_uidiv
                0x10004ca4       0x4c CMakeFiles/kanjis.dir/C_/VSARM/sdk/pico/pico-sdk/src/rp2_common/pico_divider/divider.S.obj
                0x10004ca4                __wrap___aeabi_uidiv
                0x10004ca4                __wrap___aeabi_uidivmod
                0x10004ca4                div_u32u32
                0x10004ca4                divmod_u32u32
                0x10004cac                divmod_u32u32_unsafe
                0x10004cd4                divmod_u32u32_savestate
 .text.__wrap___aeabi_ldiv
                0x10004cf0      0x434 CMakeFiles/kanjis.dir/C_/VSARM/sdk/pico/pico-sdk/src/rp2_common/pico_divider/divider.S.obj
                0x10004cf0                div_s64s64
                0x10004cf0                divmod_s64s64
                0x10004cf0                __wrap___aeabi_ldivmod
                0x10004d28                divmod_u64u64
                0x10004d28                div_u64u64
                0x10004d28                __wrap___aeabi_uldivmod
                0x10004d38                divmod_u64u64_savestate
                0x10004d60                divmod_s64s64_unsafe
                0x10004de8                divmod_u64u64_unsafe
 .text.__wrap___aeabi_darithmetic
                0x10005124       0x80 CMakeFiles/kanjis.dir/C_/VSARM/sdk/pico/pico-sdk/src/rp2_common/pico_double/double_aeabi.S.obj
                0x10005124                __wrap___aeabi_drsub
                0x1000512a                __wrap___aeabi_dsub
                0x1000513c                __wrap___aeabi_dadd
                0x1000514e                __wrap___aeabi_ddiv
                0x1000518a                __wrap___aeabi_dmul
 .text.__wrap___aeabi_cdcmple
                0x100051a4       0x6c CMakeFiles/kanjis.dir/C_/VSARM/sdk/pico/pico-sdk/src/rp2_common/pico_double/double_aeabi.S.obj
                0x100051a4                __wrap___aeabi_cdrcmple
                0x100051b4                __wrap___aeabi_cdcmpeq
                0x100051b4                __wrap___aeabi_cdcmple
 .text.__wrap___aeabi_dcmpeq
                0x10005210       0x10 CMakeFiles/kanjis.dir/C_/VSARM/sdk/pico/pico-sdk/src/rp2_common/pico_double/double_aeabi.S.obj
                0x10005210                __wrap___aeabi_dcmpeq
 .text.__wrap___aeabi_dcmplt
                0x10005220        0xc CMakeFiles/kanjis.dir/C_/VSARM/sdk/pico/pico-sdk/src/rp2_common/pico_double/double_aeabi.S.obj
                0x10005220                __wrap___aeabi_dcmplt
 .text.__wrap___aeabi_dcmple
                0x1000522c       0x10 CMakeFiles/kanjis.dir/C_/VSARM/sdk/pico/pico-sdk/src/rp2_common/pico_double/double_aeabi.S.obj
                0x1000522c                __wrap___aeabi_dcmple
 .text.__wrap___aeabi_dcmpge
                0x1000523c       0x10 CMakeFiles/kanjis.dir/C_/VSARM/sdk/pico/pico-sdk/src/rp2_common/pico_double/double_aeabi.S.obj
                0x1000523c                __wrap___aeabi_dcmpge
 .text.__wrap___aeabi_dcmpgt
                0x1000524c        0xa CMakeFiles/kanjis.dir/C_/VSARM/sdk/pico/pico-sdk/src/rp2_common/pico_double/double_aeabi.S.obj
                0x1000524c                __wrap___aeabi_dcmpgt
 .text.__wrap___aeabi_dcmpun
                0x10005256       0x1c CMakeFiles/kanjis.dir/C_/VSARM/sdk/pico/pico-sdk/src/rp2_common/pico_double/double_aeabi.S.obj
                0x10005256                __wrap___aeabi_dcmpun
 *fill*         0x10005272        0x2 
 .text.__wrap___aeabi_i2d
                0x10005274       0x38 CMakeFiles/kanjis.dir/C_/VSARM/sdk/pico/pico-sdk/src/rp2_common/pico_double/double_aeabi.S.obj
                0x10005274                __wrap___aeabi_ui2d
                0x1000527c                __wrap___aeabi_i2d
 .text.__wrap___aeabi_d2iz
                0x100052ac       0x48 CMakeFiles/kanjis.dir/C_/VSARM/sdk/pico/pico-sdk/src/rp2_common/pico_double/double_aeabi.S.obj
                0x100052ac                double2int_z
                0x100052ac                __wrap___aeabi_d2iz
 .text.__wrap___aeabi_d2uiz
                0x100052f4       0x18 CMakeFiles/kanjis.dir/C_/VSARM/sdk/pico/pico-sdk/src/rp2_common/pico_double/double_aeabi.S.obj
                0x100052f4                __wrap___aeabi_d2uiz
                0x100052f4                double2uint
 .text.__wrap___aeabi_l2d
                0x1000530c       0x18 CMakeFiles/kanjis.dir/C_/VSARM/sdk/pico/pico-sdk/src/rp2_common/pico_double/double_aeabi.S.obj
                0x1000530c                __wrap___aeabi_l2d
 .text.__wrap___aeabi_ul2d
                0x10005324       0x18 CMakeFiles/kanjis.dir/C_/VSARM/sdk/pico/pico-sdk/src/rp2_common/pico_double/double_aeabi.S.obj
                0x10005324                __wrap___aeabi_ul2d
 .text.__wrap___aeabi_d2lz
                0x1000533c       0x26 CMakeFiles/kanjis.dir/C_/VSARM/sdk/pico/pico-sdk/src/rp2_common/pico_double/double_aeabi.S.obj
                0x1000533c                double2int64_z
                0x1000533c                __wrap___aeabi_d2lz
 *fill*         0x10005362        0x2 
 .text.double2int64
                0x10005364       0x18 CMakeFiles/kanjis.dir/C_/VSARM/sdk/pico/pico-sdk/src/rp2_common/pico_double/double_aeabi.S.obj
                0x10005364                double2int64
 .text.__wrap___aeabi_d2ulz
                0x1000537c       0x18 CMakeFiles/kanjis.dir/C_/VSARM/sdk/pico/pico-sdk/src/rp2_common/pico_double/double_aeabi.S.obj
                0x1000537c                __wrap___aeabi_d2ulz
 .text.double2ufix64
                0x10005394       0x18 CMakeFiles/kanjis.dir/C_/VSARM/sdk/pico/pico-sdk/src/rp2_common/pico_double/double_aeabi.S.obj
                0x10005394                double2ufix64
 .text.__wrap___aeabi_d2f
                0x100053ac       0x18 CMakeFiles/kanjis.dir/C_/VSARM/sdk/pico/pico-sdk/src/rp2_common/pico_double/double_aeabi.S.obj
                0x100053ac                __wrap___aeabi_d2f
 .text.__aeabi_double_init
                0x100053c4       0x94 CMakeFiles/kanjis.dir/C_/VSARM/sdk/pico/pico-sdk/src/rp2_common/pico_double/double_init_rom.c.obj
                0x100053c4                __aeabi_double_init
 .text.__wrap_round
                0x10005458       0xa0 CMakeFiles/kanjis.dir/C_/VSARM/sdk/pico/pico-sdk/src/rp2_common/pico_double/double_math.c.obj
                0x10005458                __wrap_round
 .text.__wrap_floor
                0x100054f8       0x94 CMakeFiles/kanjis.dir/C_/VSARM/sdk/pico/pico-sdk/src/rp2_common/pico_double/double_math.c.obj
                0x100054f8                __wrap_floor
 .text.double_table_shim_on_use_helper
                0x1000558c       0x2c CMakeFiles/kanjis.dir/C_/VSARM/sdk/pico/pico-sdk/src/rp2_common/pico_double/double_v1_rom_shim.S.obj
                0x1000558c                double_table_shim_on_use_helper
 .text.__wrap___aeabi_dsub
                0x100055b8       0x10 CMakeFiles/kanjis.dir/C_/VSARM/sdk/pico/pico-sdk/src/rp2_common/pico_double/double_v1_rom_shim.S.obj
                0x100055b8                drsub_shim
                0x100055be                dsub_shim
 .text.dadd_shim
                0x100055c8      0x15c CMakeFiles/kanjis.dir/C_/VSARM/sdk/pico/pico-sdk/src/rp2_common/pico_double/double_v1_rom_shim.S.obj
                0x100055c8                dadd_shim
 .text.dmul_shim
                0x10005724      0x15c CMakeFiles/kanjis.dir/C_/VSARM/sdk/pico/pico-sdk/src/rp2_common/pico_double/double_v1_rom_shim.S.obj
                0x10005724                dmul_shim
 .text.ddiv_shim
                0x10005880      0x1b0 CMakeFiles/kanjis.dir/C_/VSARM/sdk/pico/pico-sdk/src/rp2_common/pico_double/double_v1_rom_shim.S.obj
                0x10005880                ddiv_shim
 .text.double2uint_shim
                0x10005a30        0xe CMakeFiles/kanjis.dir/C_/VSARM/sdk/pico/pico-sdk/src/rp2_common/pico_double/double_v1_rom_shim.S.obj
                0x10005a30                double2uint_shim
                0x10005a32                double2ufix_shim
 .text.double2int64_shim
                0x10005a3e       0x1a CMakeFiles/kanjis.dir/C_/VSARM/sdk/pico/pico-sdk/src/rp2_common/pico_double/double_v1_rom_shim.S.obj
                0x10005a3e                double2int64_shim
                0x10005a40                double2fix64_shim
 .text.double2uint64_shim
                0x10005a58       0x70 CMakeFiles/kanjis.dir/C_/VSARM/sdk/pico/pico-sdk/src/rp2_common/pico_double/double_v1_rom_shim.S.obj
                0x10005a58                double2uint64_shim
                0x10005a5a                double2ufix64_shim
                0x10005a7a                d2fix_a
 .text.double2float_shim
                0x10005ac8       0x5c CMakeFiles/kanjis.dir/C_/VSARM/sdk/pico/pico-sdk/src/rp2_common/pico_double/double_v1_rom_shim.S.obj
                0x10005ac8                double2float_shim
 .text.x2double_shims
                0x10005b24       0x90 CMakeFiles/kanjis.dir/C_/VSARM/sdk/pico/pico-sdk/src/rp2_common/pico_double/double_v1_rom_shim.S.obj
                0x10005b24                uint2double_shim
                0x10005b26                ufix2double_shim
                0x10005b2c                int2double_shim
                0x10005b2e                fix2double_shim
                0x10005b34                uint642double_shim
                0x10005b36                ufix642double_shim
                0x10005b3c                int642double_shim
                0x10005b3e                fix642double_shim
 .text.dunpacks
                0x10005bb4       0x3c CMakeFiles/kanjis.dir/C_/VSARM/sdk/pico/pico-sdk/src/rp2_common/pico_double/double_v1_rom_shim.S.obj
                0x10005bb4                dunpacks
 .text.__aeabi_lmul
                0x10005bf0       0x32 CMakeFiles/kanjis.dir/C_/VSARM/sdk/pico/pico-sdk/src/rp2_common/pico_int64_ops/pico_int64_ops_aeabi.S.obj
                0x10005bf0                __wrap___aeabi_lmul
 *fill*         0x10005c22        0x2 
 .text.__wrap___aeabi_farithmetic
                0x10005c24       0x48 CMakeFiles/kanjis.dir/C_/VSARM/sdk/pico/pico-sdk/src/rp2_common/pico_float/float_aeabi.S.obj
                0x10005c24                __wrap___aeabi_frsub
                0x10005c2a                __wrap___aeabi_fsub
                0x10005c30                __wrap___aeabi_fadd
                0x10005c36                __wrap___aeabi_fdiv
                0x10005c5e                __wrap___aeabi_fmul
 .text.__wrap___aeabi_cfcmple
                0x10005c6c       0x50 CMakeFiles/kanjis.dir/C_/VSARM/sdk/pico/pico-sdk/src/rp2_common/pico_float/float_aeabi.S.obj
                0x10005c6c                __wrap___aeabi_cfrcmple
                0x10005c78                __wrap___aeabi_cfcmple
                0x10005c78                __wrap___aeabi_cfcmpeq
 .text.__wrap___aeabi_fcmpeq
                0x10005cbc       0x10 CMakeFiles/kanjis.dir/C_/VSARM/sdk/pico/pico-sdk/src/rp2_common/pico_float/float_aeabi.S.obj
                0x10005cbc                __wrap___aeabi_fcmpeq
 .text.__wrap___aeabi_fcmplt
                0x10005ccc        0xc CMakeFiles/kanjis.dir/C_/VSARM/sdk/pico/pico-sdk/src/rp2_common/pico_float/float_aeabi.S.obj
                0x10005ccc                __wrap___aeabi_fcmplt
 .text.__wrap___aeabi_fcmple
                0x10005cd8       0x10 CMakeFiles/kanjis.dir/C_/VSARM/sdk/pico/pico-sdk/src/rp2_common/pico_float/float_aeabi.S.obj
                0x10005cd8                __wrap___aeabi_fcmple
 .text.__wrap___aeabi_fcmpge
                0x10005ce8       0x10 CMakeFiles/kanjis.dir/C_/VSARM/sdk/pico/pico-sdk/src/rp2_common/pico_float/float_aeabi.S.obj
                0x10005ce8                __wrap___aeabi_fcmpge
 .text.__wrap___aeabi_fcmpgt
                0x10005cf8        0xa CMakeFiles/kanjis.dir/C_/VSARM/sdk/pico/pico-sdk/src/rp2_common/pico_float/float_aeabi.S.obj
                0x10005cf8                __wrap___aeabi_fcmpgt
 .text.__wrap___aeabi_ui2f
                0x10005d02        0xa CMakeFiles/kanjis.dir/C_/VSARM/sdk/pico/pico-sdk/src/rp2_common/pico_float/float_aeabi.S.obj
                0x10005d02                __wrap___aeabi_ui2f
 .text.__wrap___aeabi_i2f
                0x10005d0c       0x44 CMakeFiles/kanjis.dir/C_/VSARM/sdk/pico/pico-sdk/src/rp2_common/pico_float/float_aeabi.S.obj
                0x10005d0c                __wrap___aeabi_i2f
 .text.__wrap___aeabi_f2iz
                0x10005d50       0x4e CMakeFiles/kanjis.dir/C_/VSARM/sdk/pico/pico-sdk/src/rp2_common/pico_float/float_aeabi.S.obj
                0x10005d50                float2int_z
                0x10005d50                __wrap___aeabi_f2iz
 *fill*         0x10005d9e        0x2 
 .text.float2int
                0x10005da0       0x14 CMakeFiles/kanjis.dir/C_/VSARM/sdk/pico/pico-sdk/src/rp2_common/pico_float/float_aeabi.S.obj
                0x10005da0                float2int
 .text.__wrap___aeabi_f2uiz
                0x10005db4        0xc CMakeFiles/kanjis.dir/C_/VSARM/sdk/pico/pico-sdk/src/rp2_common/pico_float/float_aeabi.S.obj
                0x10005db4                __wrap___aeabi_f2uiz
 .text.fix2float
                0x10005dc0        0xc CMakeFiles/kanjis.dir/C_/VSARM/sdk/pico/pico-sdk/src/rp2_common/pico_float/float_aeabi.S.obj
                0x10005dc0                fix2float
 .text.__wrap___aeabi_f2d
                0x10005dcc       0x14 CMakeFiles/kanjis.dir/C_/VSARM/sdk/pico/pico-sdk/src/rp2_common/pico_float/float_aeabi.S.obj
                0x10005dcc                __wrap___aeabi_f2d
 .text.__wrap_srqtf
                0x10005de0       0x20 CMakeFiles/kanjis.dir/C_/VSARM/sdk/pico/pico-sdk/src/rp2_common/pico_float/float_aeabi.S.obj
                0x10005de0                __wrap_sqrtf
 .text.__wrap_cosf
                0x10005e00       0x24 CMakeFiles/kanjis.dir/C_/VSARM/sdk/pico/pico-sdk/src/rp2_common/pico_float/float_aeabi.S.obj
                0x10005e00                __wrap_cosf
 .text.__wrap_sinf
                0x10005e24       0x24 CMakeFiles/kanjis.dir/C_/VSARM/sdk/pico/pico-sdk/src/rp2_common/pico_float/float_aeabi.S.obj
                0x10005e24                __wrap_sinf
 .text.__wrap_expf
                0x10005e48        0xc CMakeFiles/kanjis.dir/C_/VSARM/sdk/pico/pico-sdk/src/rp2_common/pico_float/float_aeabi.S.obj
                0x10005e48                __wrap_expf
 .text.__wrap_logf
                0x10005e54        0xc CMakeFiles/kanjis.dir/C_/VSARM/sdk/pico/pico-sdk/src/rp2_common/pico_float/float_aeabi.S.obj
                0x10005e54                __wrap_logf
 .text.__aeabi_float_init
                0x10005e60       0x64 CMakeFiles/kanjis.dir/C_/VSARM/sdk/pico/pico-sdk/src/rp2_common/pico_float/float_init_rom.c.obj
                0x10005e60                __aeabi_float_init
 .text.__wrap_roundf
                0x10005ec4       0x3c CMakeFiles/kanjis.dir/C_/VSARM/sdk/pico/pico-sdk/src/rp2_common/pico_float/float_math.c.obj
                0x10005ec4                __wrap_roundf
 .text.__wrap_floorf
                0x10005f00       0x40 CMakeFiles/kanjis.dir/C_/VSARM/sdk/pico/pico-sdk/src/rp2_common/pico_float/float_math.c.obj
                0x10005f00                __wrap_floorf
 .text.__wrap_ceilf
                0x10005f40       0x44 CMakeFiles/kanjis.dir/C_/VSARM/sdk/pico/pico-sdk/src/rp2_common/pico_float/float_math.c.obj
                0x10005f40                __wrap_ceilf
 .text.__wrap_tanhf
                0x10005f84       0x4c CMakeFiles/kanjis.dir/C_/VSARM/sdk/pico/pico-sdk/src/rp2_common/pico_float/float_math.c.obj
                0x10005f84                __wrap_tanhf
 .text.__wrap_remquof
                0x10005fd0      0x14c CMakeFiles/kanjis.dir/C_/VSARM/sdk/pico/pico-sdk/src/rp2_common/pico_float/float_math.c.obj
                0x10005fd0                __wrap_remquof
 .text.__wrap_remainderf
                0x1000611c        0xc CMakeFiles/kanjis.dir/C_/VSARM/sdk/pico/pico-sdk/src/rp2_common/pico_float/float_math.c.obj
                0x1000611c                __wrap_remainderf
 .text.float_table_shim_on_use_helper
                0x10006128       0x2c CMakeFiles/kanjis.dir/C_/VSARM/sdk/pico/pico-sdk/src/rp2_common/pico_float/float_v1_rom_shim.S.obj
                0x10006128                float_table_shim_on_use_helper
 .text.float232_shims
                0x10006154       0x18 CMakeFiles/kanjis.dir/C_/VSARM/sdk/pico/pico-sdk/src/rp2_common/pico_float/float_v1_rom_shim.S.obj
                0x10006154                float2int_shim
                0x10006156                float2fix_shim
 .text.float2double_shim
                0x1000616c       0x30 CMakeFiles/kanjis.dir/C_/VSARM/sdk/pico/pico-sdk/src/rp2_common/pico_float/float_v1_rom_shim.S.obj
                0x1000616c                float2double_shim
 .text.__wrap_malloc
                0x1000619c       0x3c CMakeFiles/kanjis.dir/C_/VSARM/sdk/pico/pico-sdk/src/rp2_common/pico_malloc/pico_malloc.c.obj
                0x1000619c                __wrap_malloc
 .text.__wrap_free
                0x100061d8       0x20 CMakeFiles/kanjis.dir/C_/VSARM/sdk/pico/pico-sdk/src/rp2_common/pico_malloc/pico_malloc.c.obj
                0x100061d8                __wrap_free
 .text          0x100061f8       0x10 CMakeFiles/kanjis.dir/C_/VSARM/sdk/pico/pico-sdk/src/rp2_common/pico_mem_ops/mem_ops_aeabi.S.obj
                0x100061f8                __aeabi_mem_init
 .text.memset   0x10006208        0xc CMakeFiles/kanjis.dir/C_/VSARM/sdk/pico/pico-sdk/src/rp2_common/pico_mem_ops/mem_ops_aeabi.S.obj
                0x10006208                __wrap_memset
 .text.memcpy   0x10006214        0xc CMakeFiles/kanjis.dir/C_/VSARM/sdk/pico/pico-sdk/src/rp2_common/pico_mem_ops/mem_ops_aeabi.S.obj
                0x10006214                __wrap_memcpy
                0x10006214                __wrap___aeabi_memcpy
 .text._ZdlPvj  0x10006220        0x8 CMakeFiles/kanjis.dir/C_/VSARM/sdk/pico/pico-sdk/src/rp2_common/pico_standard_link/new_delete.cpp.obj
                0x10006220                operator delete(void*, unsigned int)
 .text.stdio_out_chars_no_crlf
                0x10006228       0x10 CMakeFiles/kanjis.dir/C_/VSARM/sdk/pico/pico-sdk/src/rp2_common/pico_stdio/stdio.c.obj
 .text.stdio_out_chars_crlf
                0x10006238       0xb4 CMakeFiles/kanjis.dir/C_/VSARM/sdk/pico/pico-sdk/src/rp2_common/pico_stdio/stdio.c.obj
 .text.stdio_buffered_printer
                0x100062ec       0x64 CMakeFiles/kanjis.dir/C_/VSARM/sdk/pico/pico-sdk/src/rp2_common/pico_stdio/stdio.c.obj
 .text.stdio_put_string.isra.0
                0x10006350       0xfc CMakeFiles/kanjis.dir/C_/VSARM/sdk/pico/pico-sdk/src/rp2_common/pico_stdio/stdio.c.obj
 .text.__wrap_putchar
                0x1000644c       0xa0 CMakeFiles/kanjis.dir/C_/VSARM/sdk/pico/pico-sdk/src/rp2_common/pico_stdio/stdio.c.obj
                0x1000644c                __wrap_putchar
 .text.__wrap_puts
                0x100064ec       0x3c CMakeFiles/kanjis.dir/C_/VSARM/sdk/pico/pico-sdk/src/rp2_common/pico_stdio/stdio.c.obj
                0x100064ec                __wrap_puts
 .text._read    0x10006528       0x98 CMakeFiles/kanjis.dir/C_/VSARM/sdk/pico/pico-sdk/src/rp2_common/pico_stdio/stdio.c.obj
                0x10006528                _read
 .text._write   0x100065c0       0xac CMakeFiles/kanjis.dir/C_/VSARM/sdk/pico/pico-sdk/src/rp2_common/pico_stdio/stdio.c.obj
                0x100065c0                _write
 .text.stdio_set_driver_enabled
                0x1000666c       0x3c CMakeFiles/kanjis.dir/C_/VSARM/sdk/pico/pico-sdk/src/rp2_common/pico_stdio/stdio.c.obj
                0x1000666c                stdio_set_driver_enabled
 .text.__wrap_vprintf
                0x100066a8       0xd8 CMakeFiles/kanjis.dir/C_/VSARM/sdk/pico/pico-sdk/src/rp2_common/pico_stdio/stdio.c.obj
                0x100066a8                __wrap_vprintf
 .text.__wrap_printf
                0x10006780       0x18 CMakeFiles/kanjis.dir/C_/VSARM/sdk/pico/pico-sdk/src/rp2_common/pico_stdio/stdio.c.obj
                0x10006780                __wrap_printf
 .text.stdio_init_all
                0x10006798        0x8 CMakeFiles/kanjis.dir/C_/VSARM/sdk/pico/pico-sdk/src/rp2_common/pico_stdio/stdio.c.obj
                0x10006798                stdio_init_all
 .text.resetd_init
                0x100067a0        0x4 CMakeFiles/kanjis.dir/C_/VSARM/sdk/pico/pico-sdk/src/rp2_common/pico_stdio_usb/reset_interface.c.obj
 .text.resetd_reset
                0x100067a4        0xc CMakeFiles/kanjis.dir/C_/VSARM/sdk/pico/pico-sdk/src/rp2_common/pico_stdio_usb/reset_interface.c.obj
 .text.resetd_open
                0x100067b0       0x28 CMakeFiles/kanjis.dir/C_/VSARM/sdk/pico/pico-sdk/src/rp2_common/pico_stdio_usb/reset_interface.c.obj
 .text.resetd_xfer_cb
                0x100067d8        0x4 CMakeFiles/kanjis.dir/C_/VSARM/sdk/pico/pico-sdk/src/rp2_common/pico_stdio_usb/reset_interface.c.obj
 .text.resetd_control_xfer_cb
                0x100067dc       0x64 CMakeFiles/kanjis.dir/C_/VSARM/sdk/pico/pico-sdk/src/rp2_common/pico_stdio_usb/reset_interface.c.obj
 .text.usbd_app_driver_get_cb
                0x10006840        0xc CMakeFiles/kanjis.dir/C_/VSARM/sdk/pico/pico-sdk/src/rp2_common/pico_stdio_usb/reset_interface.c.obj
                0x10006840                usbd_app_driver_get_cb
 .text.tud_cdc_line_coding_cb
                0x1000684c       0x34 CMakeFiles/kanjis.dir/C_/VSARM/sdk/pico/pico-sdk/src/rp2_common/pico_stdio_usb/reset_interface.c.obj
                0x1000684c                tud_cdc_line_coding_cb
 .text.stdio_usb_in_chars
                0x10006880       0x68 CMakeFiles/kanjis.dir/C_/VSARM/sdk/pico/pico-sdk/src/rp2_common/pico_stdio_usb/stdio_usb.c.obj
                0x10006880                stdio_usb_in_chars
 .text.stdio_usb_out_chars
                0x100068e8       0xe4 CMakeFiles/kanjis.dir/C_/VSARM/sdk/pico/pico-sdk/src/rp2_common/pico_stdio_usb/stdio_usb.c.obj
 .text.timer_task
                0x100069cc       0x10 CMakeFiles/kanjis.dir/C_/VSARM/sdk/pico/pico-sdk/src/rp2_common/pico_stdio_usb/stdio_usb.c.obj
 .text.low_priority_worker_irq
                0x100069dc       0x24 CMakeFiles/kanjis.dir/C_/VSARM/sdk/pico/pico-sdk/src/rp2_common/pico_stdio_usb/stdio_usb.c.obj
 .text.stdio_usb_init
                0x10006a00       0x90 CMakeFiles/kanjis.dir/C_/VSARM/sdk/pico/pico-sdk/src/rp2_common/pico_stdio_usb/stdio_usb.c.obj
                0x10006a00                stdio_usb_init
 .text.tud_descriptor_device_cb
                0x10006a90        0x8 CMakeFiles/kanjis.dir/C_/VSARM/sdk/pico/pico-sdk/src/rp2_common/pico_stdio_usb/stdio_usb_descriptors.c.obj
                0x10006a90                tud_descriptor_device_cb
 .text.tud_descriptor_configuration_cb
                0x10006a98        0x8 CMakeFiles/kanjis.dir/C_/VSARM/sdk/pico/pico-sdk/src/rp2_common/pico_stdio_usb/stdio_usb_descriptors.c.obj
                0x10006a98                tud_descriptor_configuration_cb
 .text.tud_descriptor_string_cb
                0x10006aa0       0x74 CMakeFiles/kanjis.dir/C_/VSARM/sdk/pico/pico-sdk/src/rp2_common/pico_stdio_usb/stdio_usb_descriptors.c.obj
                0x10006aa0                tud_descriptor_string_cb
 .text.dcd_rp2040_irq
                0x10006b14      0x21c CMakeFiles/kanjis.dir/C_/VSARM/sdk/pico/pico-sdk/lib/tinyusb/src/portable/raspberrypi/rp2040/dcd_rp2040.c.obj
 .text.dcd_int_enable
                0x10006d30        0xc CMakeFiles/kanjis.dir/C_/VSARM/sdk/pico/pico-sdk/lib/tinyusb/src/portable/raspberrypi/rp2040/dcd_rp2040.c.obj
                0x10006d30                dcd_int_enable
 .text.dcd_set_address
                0x10006d3c       0x14 CMakeFiles/kanjis.dir/C_/VSARM/sdk/pico/pico-sdk/lib/tinyusb/src/portable/raspberrypi/rp2040/dcd_rp2040.c.obj
                0x10006d3c                dcd_set_address
 .text.dcd_connect
                0x10006d50       0x10 CMakeFiles/kanjis.dir/C_/VSARM/sdk/pico/pico-sdk/lib/tinyusb/src/portable/raspberrypi/rp2040/dcd_rp2040.c.obj
                0x10006d50                dcd_connect
 .text.dcd_init
                0x10006d60      0x144 CMakeFiles/kanjis.dir/C_/VSARM/sdk/pico/pico-sdk/lib/tinyusb/src/portable/raspberrypi/rp2040/dcd_rp2040.c.obj
                0x10006d60                dcd_init
 .text.dcd_edpt0_status_complete
                0x10006ea4       0x1c CMakeFiles/kanjis.dir/C_/VSARM/sdk/pico/pico-sdk/lib/tinyusb/src/portable/raspberrypi/rp2040/dcd_rp2040.c.obj
                0x10006ea4                dcd_edpt0_status_complete
 .text.dcd_edpt_open
                0x10006ec0       0xf0 CMakeFiles/kanjis.dir/C_/VSARM/sdk/pico/pico-sdk/lib/tinyusb/src/portable/raspberrypi/rp2040/dcd_rp2040.c.obj
                0x10006ec0                dcd_edpt_open
 .text.dcd_edpt_close_all
                0x10006fb0       0xbc CMakeFiles/kanjis.dir/C_/VSARM/sdk/pico/pico-sdk/lib/tinyusb/src/portable/raspberrypi/rp2040/dcd_rp2040.c.obj
                0x10006fb0                dcd_edpt_close_all
 .text.dcd_edpt_xfer
                0x1000706c       0x24 CMakeFiles/kanjis.dir/C_/VSARM/sdk/pico/pico-sdk/lib/tinyusb/src/portable/raspberrypi/rp2040/dcd_rp2040.c.obj
                0x1000706c                dcd_edpt_xfer
 .text.dcd_edpt_stall
                0x10007090       0x38 CMakeFiles/kanjis.dir/C_/VSARM/sdk/pico/pico-sdk/lib/tinyusb/src/portable/raspberrypi/rp2040/dcd_rp2040.c.obj
                0x10007090                dcd_edpt_stall
 .text.dcd_edpt_clear_stall
                0x100070c8       0x30 CMakeFiles/kanjis.dir/C_/VSARM/sdk/pico/pico-sdk/lib/tinyusb/src/portable/raspberrypi/rp2040/dcd_rp2040.c.obj
                0x100070c8                dcd_edpt_clear_stall
 .text._hw_endpoint_buffer_control_update32.part.0.isra.0
                0x100070f8       0x1c CMakeFiles/kanjis.dir/C_/VSARM/sdk/pico/pico-sdk/lib/tinyusb/src/portable/raspberrypi/rp2040/rp2040_usb.c.obj
 .text.rp2040_usb_init
                0x10007114       0x4c CMakeFiles/kanjis.dir/C_/VSARM/sdk/pico/pico-sdk/lib/tinyusb/src/portable/raspberrypi/rp2040/rp2040_usb.c.obj
                0x10007114                rp2040_usb_init
 .text.hw_endpoint_reset_transfer
                0x10007160        0xc CMakeFiles/kanjis.dir/C_/VSARM/sdk/pico/pico-sdk/lib/tinyusb/src/portable/raspberrypi/rp2040/rp2040_usb.c.obj
                0x10007160                hw_endpoint_reset_transfer
 .text._hw_endpoint_buffer_control_update32
                0x1000716c       0x44 CMakeFiles/kanjis.dir/C_/VSARM/sdk/pico/pico-sdk/lib/tinyusb/src/portable/raspberrypi/rp2040/rp2040_usb.c.obj
                0x1000716c                _hw_endpoint_buffer_control_update32
 .text.hw_endpoint_xfer_start
                0x100071b0      0x138 CMakeFiles/kanjis.dir/C_/VSARM/sdk/pico/pico-sdk/lib/tinyusb/src/portable/raspberrypi/rp2040/rp2040_usb.c.obj
                0x100071b0                hw_endpoint_xfer_start
 .text.hw_endpoint_xfer_continue
                0x100072e8      0x1e4 CMakeFiles/kanjis.dir/C_/VSARM/sdk/pico/pico-sdk/lib/tinyusb/src/portable/raspberrypi/rp2040/rp2040_usb.c.obj
                0x100072e8                hw_endpoint_xfer_continue
 .text.tud_mounted
                0x100074cc       0x10 CMakeFiles/kanjis.dir/C_/VSARM/sdk/pico/pico-sdk/lib/tinyusb/src/device/usbd.c.obj
                0x100074cc                tud_mounted
 .text.tud_suspended
                0x100074dc       0x10 CMakeFiles/kanjis.dir/C_/VSARM/sdk/pico/pico-sdk/lib/tinyusb/src/device/usbd.c.obj
                0x100074dc                tud_suspended
 .text.tud_inited
                0x100074ec        0xc CMakeFiles/kanjis.dir/C_/VSARM/sdk/pico/pico-sdk/lib/tinyusb/src/device/usbd.c.obj
                0x100074ec                tud_inited
 .text.tud_init
                0x100074f8       0xd8 CMakeFiles/kanjis.dir/C_/VSARM/sdk/pico/pico-sdk/lib/tinyusb/src/device/usbd.c.obj
                0x100074f8                tud_init
 .text.tud_task
                0x100075d0      0x8ec CMakeFiles/kanjis.dir/C_/VSARM/sdk/pico/pico-sdk/lib/tinyusb/src/device/usbd.c.obj
                0x100075d0                tud_task
 .text.dcd_event_bus_signal
                0x10007ebc      0x120 CMakeFiles/kanjis.dir/C_/VSARM/sdk/pico/pico-sdk/lib/tinyusb/src/device/usbd.c.obj
                0x10007ebc                dcd_event_bus_signal
 .text.dcd_event_bus_reset
                0x10007fdc       0x54 CMakeFiles/kanjis.dir/C_/VSARM/sdk/pico/pico-sdk/lib/tinyusb/src/device/usbd.c.obj
                0x10007fdc                dcd_event_bus_reset
 .text.dcd_event_setup_received
                0x10008030       0x50 CMakeFiles/kanjis.dir/C_/VSARM/sdk/pico/pico-sdk/lib/tinyusb/src/device/usbd.c.obj
                0x10008030                dcd_event_setup_received
 .text.dcd_event_xfer_complete
                0x10008080       0x68 CMakeFiles/kanjis.dir/C_/VSARM/sdk/pico/pico-sdk/lib/tinyusb/src/device/usbd.c.obj
                0x10008080                dcd_event_xfer_complete
 .text.usbd_open_edpt_pair
                0x100080e8       0x80 CMakeFiles/kanjis.dir/C_/VSARM/sdk/pico/pico-sdk/lib/tinyusb/src/device/usbd.c.obj
                0x100080e8                usbd_open_edpt_pair
 .text.usbd_edpt_open
                0x10008168       0x30 CMakeFiles/kanjis.dir/C_/VSARM/sdk/pico/pico-sdk/lib/tinyusb/src/device/usbd.c.obj
                0x10008168                usbd_edpt_open
 .text.usbd_edpt_claim
                0x10008198       0x64 CMakeFiles/kanjis.dir/C_/VSARM/sdk/pico/pico-sdk/lib/tinyusb/src/device/usbd.c.obj
                0x10008198                usbd_edpt_claim
 .text.usbd_edpt_release
                0x100081fc       0x4c CMakeFiles/kanjis.dir/C_/VSARM/sdk/pico/pico-sdk/lib/tinyusb/src/device/usbd.c.obj
                0x100081fc                usbd_edpt_release
 .text.usbd_edpt_xfer
                0x10008248       0x48 CMakeFiles/kanjis.dir/C_/VSARM/sdk/pico/pico-sdk/lib/tinyusb/src/device/usbd.c.obj
                0x10008248                usbd_edpt_xfer
 .text.tud_control_status
                0x10008290       0x30 CMakeFiles/kanjis.dir/C_/VSARM/sdk/pico/pico-sdk/lib/tinyusb/src/device/usbd_control.c.obj
                0x10008290                tud_control_status
 .text.tud_control_xfer
                0x100082c0       0xbc CMakeFiles/kanjis.dir/C_/VSARM/sdk/pico/pico-sdk/lib/tinyusb/src/device/usbd_control.c.obj
                0x100082c0                tud_control_xfer
 .text.usbd_control_reset
                0x1000837c       0x14 CMakeFiles/kanjis.dir/C_/VSARM/sdk/pico/pico-sdk/lib/tinyusb/src/device/usbd_control.c.obj
                0x1000837c                usbd_control_reset
 .text.usbd_control_set_complete_callback
                0x10008390        0xc CMakeFiles/kanjis.dir/C_/VSARM/sdk/pico/pico-sdk/lib/tinyusb/src/device/usbd_control.c.obj
                0x10008390                usbd_control_set_complete_callback
 .text.usbd_control_set_request
                0x1000839c       0x1c CMakeFiles/kanjis.dir/C_/VSARM/sdk/pico/pico-sdk/lib/tinyusb/src/device/usbd_control.c.obj
                0x1000839c                usbd_control_set_request
 .text.usbd_control_xfer_cb
                0x100083b8       0xfc CMakeFiles/kanjis.dir/C_/VSARM/sdk/pico/pico-sdk/lib/tinyusb/src/device/usbd_control.c.obj
                0x100083b8                usbd_control_xfer_cb
 .text.tud_cdc_n_connected
                0x100084b4       0x30 CMakeFiles/kanjis.dir/C_/VSARM/sdk/pico/pico-sdk/lib/tinyusb/src/class/cdc/cdc_device.c.obj
                0x100084b4                tud_cdc_n_connected
 .text.tud_cdc_n_available
                0x100084e4       0x18 CMakeFiles/kanjis.dir/C_/VSARM/sdk/pico/pico-sdk/lib/tinyusb/src/class/cdc/cdc_device.c.obj
                0x100084e4                tud_cdc_n_available
 .text.tud_cdc_n_read
                0x100084fc       0x70 CMakeFiles/kanjis.dir/C_/VSARM/sdk/pico/pico-sdk/lib/tinyusb/src/class/cdc/cdc_device.c.obj
                0x100084fc                tud_cdc_n_read
 .text.tud_cdc_n_write_flush
                0x1000856c       0x78 CMakeFiles/kanjis.dir/C_/VSARM/sdk/pico/pico-sdk/lib/tinyusb/src/class/cdc/cdc_device.c.obj
                0x1000856c                tud_cdc_n_write_flush
 .text.tud_cdc_n_write
                0x100085e4       0x34 CMakeFiles/kanjis.dir/C_/VSARM/sdk/pico/pico-sdk/lib/tinyusb/src/class/cdc/cdc_device.c.obj
                0x100085e4                tud_cdc_n_write
 .text.tud_cdc_n_write_available
                0x10008618       0x18 CMakeFiles/kanjis.dir/C_/VSARM/sdk/pico/pico-sdk/lib/tinyusb/src/class/cdc/cdc_device.c.obj
                0x10008618                tud_cdc_n_write_available
 .text.cdcd_init
                0x10008630       0x7c CMakeFiles/kanjis.dir/C_/VSARM/sdk/pico/pico-sdk/lib/tinyusb/src/class/cdc/cdc_device.c.obj
                0x10008630                cdcd_init
 .text.cdcd_reset
                0x100086ac       0x2c CMakeFiles/kanjis.dir/C_/VSARM/sdk/pico/pico-sdk/lib/tinyusb/src/class/cdc/cdc_device.c.obj
                0x100086ac                cdcd_reset
 .text.cdcd_open
                0x100086d8       0xe4 CMakeFiles/kanjis.dir/C_/VSARM/sdk/pico/pico-sdk/lib/tinyusb/src/class/cdc/cdc_device.c.obj
                0x100086d8                cdcd_open
 .text.cdcd_control_xfer_cb
                0x100087bc       0xe4 CMakeFiles/kanjis.dir/C_/VSARM/sdk/pico/pico-sdk/lib/tinyusb/src/class/cdc/cdc_device.c.obj
                0x100087bc                cdcd_control_xfer_cb
 .text.cdcd_xfer_cb
                0x100088a0      0x148 CMakeFiles/kanjis.dir/C_/VSARM/sdk/pico/pico-sdk/lib/tinyusb/src/class/cdc/cdc_device.c.obj
                0x100088a0                cdcd_xfer_cb
 .text.tusb_init
                0x100089e8        0xc CMakeFiles/kanjis.dir/C_/VSARM/sdk/pico/pico-sdk/lib/tinyusb/src/tusb.c.obj
                0x100089e8                tusb_init
 .text.tusb_inited
                0x100089f4        0x8 CMakeFiles/kanjis.dir/C_/VSARM/sdk/pico/pico-sdk/lib/tinyusb/src/tusb.c.obj
                0x100089f4                tusb_inited
 .text.tu_edpt_validate
                0x100089fc       0x78 CMakeFiles/kanjis.dir/C_/VSARM/sdk/pico/pico-sdk/lib/tinyusb/src/tusb.c.obj
                0x100089fc                tu_edpt_validate
 .text.tu_edpt_bind_driver
                0x10008a74       0x2c CMakeFiles/kanjis.dir/C_/VSARM/sdk/pico/pico-sdk/lib/tinyusb/src/tusb.c.obj
                0x10008a74                tu_edpt_bind_driver
 .text.tu_fifo_config
                0x10008aa0       0x78 CMakeFiles/kanjis.dir/C_/VSARM/sdk/pico/pico-sdk/lib/tinyusb/src/common/tusb_fifo.c.obj
                0x10008aa0                tu_fifo_config
 .text.tu_fifo_count
                0x10008b18       0x20 CMakeFiles/kanjis.dir/C_/VSARM/sdk/pico/pico-sdk/lib/tinyusb/src/common/tusb_fifo.c.obj
                0x10008b18                tu_fifo_count
 .text.tu_fifo_empty
                0x10008b38       0x10 CMakeFiles/kanjis.dir/C_/VSARM/sdk/pico/pico-sdk/lib/tinyusb/src/common/tusb_fifo.c.obj
                0x10008b38                tu_fifo_empty
 .text.tu_fifo_remaining
                0x10008b48       0x1c CMakeFiles/kanjis.dir/C_/VSARM/sdk/pico/pico-sdk/lib/tinyusb/src/common/tusb_fifo.c.obj
                0x10008b48                tu_fifo_remaining
 .text.tu_fifo_read
                0x10008b64       0x9c CMakeFiles/kanjis.dir/C_/VSARM/sdk/pico/pico-sdk/lib/tinyusb/src/common/tusb_fifo.c.obj
                0x10008b64                tu_fifo_read
 .text.tu_fifo_read_n
                0x10008c00      0x100 CMakeFiles/kanjis.dir/C_/VSARM/sdk/pico/pico-sdk/lib/tinyusb/src/common/tusb_fifo.c.obj
                0x10008c00                tu_fifo_read_n
 .text.tu_fifo_write
                0x10008d00       0x7c CMakeFiles/kanjis.dir/C_/VSARM/sdk/pico/pico-sdk/lib/tinyusb/src/common/tusb_fifo.c.obj
                0x10008d00                tu_fifo_write
 .text.tu_fifo_write_n
                0x10008d7c      0x100 CMakeFiles/kanjis.dir/C_/VSARM/sdk/pico/pico-sdk/lib/tinyusb/src/common/tusb_fifo.c.obj
                0x10008d7c                tu_fifo_write_n
 .text.tu_fifo_clear
                0x10008e7c       0x4c CMakeFiles/kanjis.dir/C_/VSARM/sdk/pico/pico-sdk/lib/tinyusb/src/common/tusb_fifo.c.obj
                0x10008e7c                tu_fifo_clear
 .text.tu_fifo_set_overwritable
                0x10008ec8       0x3c CMakeFiles/kanjis.dir/C_/VSARM/sdk/pico/pico-sdk/lib/tinyusb/src/common/tusb_fifo.c.obj
                0x10008ec8                tu_fifo_set_overwritable
 .text.startup._retrieve_unique_id_on_boot
                0x10008f04       0x10 CMakeFiles/kanjis.dir/C_/VSARM/sdk/pico/pico-sdk/src/rp2_common/pico_unique_id/unique_id.c.obj
 .text.pico_get_unique_board_id_string
                0x10008f14      0x1a8 CMakeFiles/kanjis.dir/C_/VSARM/sdk/pico/pico-sdk/src/rp2_common/pico_unique_id/unique_id.c.obj
                0x10008f14                pico_get_unique_board_id_string
 .text.flash_get_unique_id
                0x100090bc       0x40 CMakeFiles/kanjis.dir/C_/VSARM/sdk/pico/pico-sdk/src/rp2_common/hardware_flash/flash.c.obj
                0x100090bc                flash_get_unique_id
 .text.core1_trampoline
                0x100090fc        0x4 CMakeFiles/kanjis.dir/C_/VSARM/sdk/pico/pico-sdk/src/rp2_common/pico_multicore/multicore.c.obj
 .text.core1_wrapper
                0x10009100        0xc CMakeFiles/kanjis.dir/C_/VSARM/sdk/pico/pico-sdk/src/rp2_common/pico_multicore/multicore.c.obj
                0x10009100                core1_wrapper
 .text.multicore_reset_core1
                0x1000910c       0x24 CMakeFiles/kanjis.dir/C_/VSARM/sdk/pico/pico-sdk/src/rp2_common/pico_multicore/multicore.c.obj
                0x1000910c                multicore_reset_core1
 .text.multicore_launch_core1_raw
                0x10009130       0x84 CMakeFiles/kanjis.dir/C_/VSARM/sdk/pico/pico-sdk/src/rp2_common/pico_multicore/multicore.c.obj
                0x10009130                multicore_launch_core1_raw
 .text.multicore_launch_core1
                0x100091b4       0x4c CMakeFiles/kanjis.dir/C_/VSARM/sdk/pico/pico-sdk/src/rp2_common/pico_multicore/multicore.c.obj
                0x100091b4                multicore_launch_core1
 .text.spi_init
                0x10009200       0xf8 CMakeFiles/kanjis.dir/C_/VSARM/sdk/pico/pico-sdk/src/rp2_common/hardware_spi/spi.c.obj
                0x10009200                spi_init
 .text.spi_set_baudrate
                0x100092f8       0x94 CMakeFiles/kanjis.dir/C_/VSARM/sdk/pico/pico-sdk/src/rp2_common/hardware_spi/spi.c.obj
                0x100092f8                spi_set_baudrate
 .text.dma_claim_unused_channel
                0x1000938c       0x20 CMakeFiles/kanjis.dir/C_/VSARM/sdk/pico/pico-sdk/src/rp2_common/hardware_dma/dma.c.obj
                0x1000938c                dma_claim_unused_channel
 .text.TfLiteIntArrayGetSizeInBytes
                0x100093ac        0x8 CMakeFiles/kanjis.dir/pico-tflmicro/src/tensorflow/lite/c/common.c.obj
                0x100093ac                TfLiteIntArrayGetSizeInBytes
 .text.TfLiteIntArrayEqual
                0x100093b4       0x3c CMakeFiles/kanjis.dir/pico-tflmicro/src/tensorflow/lite/c/common.c.obj
                0x100093b4                TfLiteIntArrayEqual
 .text.TfLiteTypeGetName
                0x100093f0       0x18 CMakeFiles/kanjis.dir/pico-tflmicro/src/tensorflow/lite/c/common.c.obj
                0x100093f0                TfLiteTypeGetName
 .text._ZN6tflite13ErrorReporter6ReportEPKcz
                0x10009408       0x1c CMakeFiles/kanjis.dir/pico-tflmicro/src/tensorflow/lite/core/api/error_reporter.cpp.obj
                0x10009408                tflite::ErrorReporter::Report(char const*, ...)
 .text._ZN6tflite13ErrorReporter11ReportErrorEPvPKcz
                0x10009424       0x1c CMakeFiles/kanjis.dir/pico-tflmicro/src/tensorflow/lite/core/api/error_reporter.cpp.obj
                0x10009424                tflite::ErrorReporter::ReportError(void*, char const*, ...)
 .text._ZN6tflite17ConvertTensorTypeENS_10TensorTypeEP10TfLiteTypePNS_13ErrorReporterE
                0x10009440       0x90 CMakeFiles/kanjis.dir/pico-tflmicro/src/tensorflow/lite/core/api/flatbuffer_conversions.cpp.obj
                0x10009440                tflite::ConvertTensorType(tflite::TensorType, TfLiteType*, tflite::ErrorReporter*)
 .text._ZN6tflite8ParseAbsEPKNS_8OperatorEPNS_13ErrorReporterEPNS_20BuiltinDataAllocatorEPPv
                0x100094d0        0x4 CMakeFiles/kanjis.dir/pico-tflmicro/src/tensorflow/lite/core/api/flatbuffer_conversions.cpp.obj
                0x100094d0                tflite::ParseAbs(tflite::Operator const*, tflite::ErrorReporter*, tflite::BuiltinDataAllocator*, void**)
 .text._ZN6tflite8ParseAddEPKNS_8OperatorEPNS_13ErrorReporterEPNS_20BuiltinDataAllocatorEPPv
                0x100094d4       0xa0 CMakeFiles/kanjis.dir/pico-tflmicro/src/tensorflow/lite/core/api/flatbuffer_conversions.cpp.obj
                0x100094d4                tflite::ParseAdd(tflite::Operator const*, tflite::ErrorReporter*, tflite::BuiltinDataAllocator*, void**)
 .text._ZN6tflite11ParseArgMaxEPKNS_8OperatorEPNS_13ErrorReporterEPNS_20BuiltinDataAllocatorEPPv
                0x10009574       0x80 CMakeFiles/kanjis.dir/pico-tflmicro/src/tensorflow/lite/core/api/flatbuffer_conversions.cpp.obj
                0x10009574                tflite::ParseArgMax(tflite::Operator const*, tflite::ErrorReporter*, tflite::BuiltinDataAllocator*, void**)
 .text._ZN6tflite11ParseArgMinEPKNS_8OperatorEPNS_13ErrorReporterEPNS_20BuiltinDataAllocatorEPPv
                0x100095f4       0x80 CMakeFiles/kanjis.dir/pico-tflmicro/src/tensorflow/lite/core/api/flatbuffer_conversions.cpp.obj
                0x100095f4                tflite::ParseArgMin(tflite::Operator const*, tflite::ErrorReporter*, tflite::BuiltinDataAllocator*, void**)
 .text._ZN6tflite9ParseCeilEPKNS_8OperatorEPNS_13ErrorReporterEPNS_20BuiltinDataAllocatorEPPv
                0x10009674        0x4 CMakeFiles/kanjis.dir/pico-tflmicro/src/tensorflow/lite/core/api/flatbuffer_conversions.cpp.obj
                0x10009674                tflite::ParseCeil(tflite::Operator const*, tflite::ErrorReporter*, tflite::BuiltinDataAllocator*, void**)
 .text._ZN6tflite18ParseConcatenationEPKNS_8OperatorEPNS_13ErrorReporterEPNS_20BuiltinDataAllocatorEPPv
                0x10009678       0x74 CMakeFiles/kanjis.dir/pico-tflmicro/src/tensorflow/lite/core/api/flatbuffer_conversions.cpp.obj
                0x10009678                tflite::ParseConcatenation(tflite::Operator const*, tflite::ErrorReporter*, tflite::BuiltinDataAllocator*, void**)
 .text._ZN6tflite11ParseConv2DEPKNS_8OperatorEPNS_13ErrorReporterEPNS_20BuiltinDataAllocatorEPPv
                0x100096ec       0xd8 CMakeFiles/kanjis.dir/pico-tflmicro/src/tensorflow/lite/core/api/flatbuffer_conversions.cpp.obj
                0x100096ec                tflite::ParseConv2D(tflite::Operator const*, tflite::ErrorReporter*, tflite::BuiltinDataAllocator*, void**)
 .text._ZN6tflite8ParseCosEPKNS_8OperatorEPNS_13ErrorReporterEPNS_20BuiltinDataAllocatorEPPv
                0x100097c4        0x4 CMakeFiles/kanjis.dir/pico-tflmicro/src/tensorflow/lite/core/api/flatbuffer_conversions.cpp.obj
                0x100097c4                tflite::ParseCos(tflite::Operator const*, tflite::ErrorReporter*, tflite::BuiltinDataAllocator*, void**)
 .text._ZN6tflite20ParseDepthwiseConv2DEPKNS_8OperatorEPNS_13ErrorReporterEPNS_20BuiltinDataAllocatorEPPv
                0x100097c8       0xf0 CMakeFiles/kanjis.dir/pico-tflmicro/src/tensorflow/lite/core/api/flatbuffer_conversions.cpp.obj
                0x100097c8                tflite::ParseDepthwiseConv2D(tflite::Operator const*, tflite::ErrorReporter*, tflite::BuiltinDataAllocator*, void**)
 .text._ZN6tflite15ParseDequantizeEPKNS_8OperatorEPNS_13ErrorReporterEPNS_20BuiltinDataAllocatorEPPv
                0x100098b8        0x4 CMakeFiles/kanjis.dir/pico-tflmicro/src/tensorflow/lite/core/api/flatbuffer_conversions.cpp.obj
                0x100098b8                tflite::ParseDequantize(tflite::Operator const*, tflite::ErrorReporter*, tflite::BuiltinDataAllocator*, void**)
 .text._ZN6tflite10ParseEqualEPKNS_8OperatorEPNS_13ErrorReporterEPNS_20BuiltinDataAllocatorEPPv
                0x100098bc        0x4 CMakeFiles/kanjis.dir/pico-tflmicro/src/tensorflow/lite/core/api/flatbuffer_conversions.cpp.obj
                0x100098bc                tflite::ParseEqual(tflite::Operator const*, tflite::ErrorReporter*, tflite::BuiltinDataAllocator*, void**)
 .text._ZN6tflite10ParseFloorEPKNS_8OperatorEPNS_13ErrorReporterEPNS_20BuiltinDataAllocatorEPPv
                0x100098c0        0x4 CMakeFiles/kanjis.dir/pico-tflmicro/src/tensorflow/lite/core/api/flatbuffer_conversions.cpp.obj
                0x100098c0                tflite::ParseFloor(tflite::Operator const*, tflite::ErrorReporter*, tflite::BuiltinDataAllocator*, void**)
 .text._ZN6tflite19ParseFullyConnectedEPKNS_8OperatorEPNS_13ErrorReporterEPNS_20BuiltinDataAllocatorEPPv
                0x100098c4      0x100 CMakeFiles/kanjis.dir/pico-tflmicro/src/tensorflow/lite/core/api/flatbuffer_conversions.cpp.obj
                0x100098c4                tflite::ParseFullyConnected(tflite::Operator const*, tflite::ErrorReporter*, tflite::BuiltinDataAllocator*, void**)
 .text._ZN6tflite12ParseGreaterEPKNS_8OperatorEPNS_13ErrorReporterEPNS_20BuiltinDataAllocatorEPPv
                0x100099c4        0x4 CMakeFiles/kanjis.dir/pico-tflmicro/src/tensorflow/lite/core/api/flatbuffer_conversions.cpp.obj
                0x100099c4                tflite::ParseGreater(tflite::Operator const*, tflite::ErrorReporter*, tflite::BuiltinDataAllocator*, void**)
 .text._ZN6tflite17ParseGreaterEqualEPKNS_8OperatorEPNS_13ErrorReporterEPNS_20BuiltinDataAllocatorEPPv
                0x100099c8        0x4 CMakeFiles/kanjis.dir/pico-tflmicro/src/tensorflow/lite/core/api/flatbuffer_conversions.cpp.obj
                0x100099c8                tflite::ParseGreaterEqual(tflite::Operator const*, tflite::ErrorReporter*, tflite::BuiltinDataAllocator*, void**)
 .text._ZN6tflite14ParseHardSwishEPKNS_8OperatorEPNS_13ErrorReporterEPNS_20BuiltinDataAllocatorEPPv
                0x100099cc        0x4 CMakeFiles/kanjis.dir/pico-tflmicro/src/tensorflow/lite/core/api/flatbuffer_conversions.cpp.obj
                0x100099cc                tflite::ParseHardSwish(tflite::Operator const*, tflite::ErrorReporter*, tflite::BuiltinDataAllocator*, void**)
 .text._ZN6tflite20ParseL2NormalizationEPKNS_8OperatorEPNS_13ErrorReporterEPNS_20BuiltinDataAllocatorEPPv
                0x100099d0       0x68 CMakeFiles/kanjis.dir/pico-tflmicro/src/tensorflow/lite/core/api/flatbuffer_conversions.cpp.obj
                0x100099d0                tflite::ParseL2Normalization(tflite::Operator const*, tflite::ErrorReporter*, tflite::BuiltinDataAllocator*, void**)
 .text._ZN6tflite9ParseLessEPKNS_8OperatorEPNS_13ErrorReporterEPNS_20BuiltinDataAllocatorEPPv
                0x10009a38        0x4 CMakeFiles/kanjis.dir/pico-tflmicro/src/tensorflow/lite/core/api/flatbuffer_conversions.cpp.obj
                0x10009a38                tflite::ParseLess(tflite::Operator const*, tflite::ErrorReporter*, tflite::BuiltinDataAllocator*, void**)
 .text._ZN6tflite14ParseLessEqualEPKNS_8OperatorEPNS_13ErrorReporterEPNS_20BuiltinDataAllocatorEPPv
                0x10009a3c        0x4 CMakeFiles/kanjis.dir/pico-tflmicro/src/tensorflow/lite/core/api/flatbuffer_conversions.cpp.obj
                0x10009a3c                tflite::ParseLessEqual(tflite::Operator const*, tflite::ErrorReporter*, tflite::BuiltinDataAllocator*, void**)
 .text._ZN6tflite8ParseLogEPKNS_8OperatorEPNS_13ErrorReporterEPNS_20BuiltinDataAllocatorEPPv
                0x10009a40        0x4 CMakeFiles/kanjis.dir/pico-tflmicro/src/tensorflow/lite/core/api/flatbuffer_conversions.cpp.obj
                0x10009a40                tflite::ParseLog(tflite::Operator const*, tflite::ErrorReporter*, tflite::BuiltinDataAllocator*, void**)
 .text._ZN6tflite15ParseLogicalAndEPKNS_8OperatorEPNS_13ErrorReporterEPNS_20BuiltinDataAllocatorEPPv
                0x10009a44        0x4 CMakeFiles/kanjis.dir/pico-tflmicro/src/tensorflow/lite/core/api/flatbuffer_conversions.cpp.obj
                0x10009a44                tflite::ParseLogicalAnd(tflite::Operator const*, tflite::ErrorReporter*, tflite::BuiltinDataAllocator*, void**)
 .text._ZN6tflite15ParseLogicalNotEPKNS_8OperatorEPNS_13ErrorReporterEPNS_20BuiltinDataAllocatorEPPv
                0x10009a48        0x4 CMakeFiles/kanjis.dir/pico-tflmicro/src/tensorflow/lite/core/api/flatbuffer_conversions.cpp.obj
                0x10009a48                tflite::ParseLogicalNot(tflite::Operator const*, tflite::ErrorReporter*, tflite::BuiltinDataAllocator*, void**)
 .text._ZN6tflite14ParseLogicalOrEPKNS_8OperatorEPNS_13ErrorReporterEPNS_20BuiltinDataAllocatorEPPv
                0x10009a4c        0x4 CMakeFiles/kanjis.dir/pico-tflmicro/src/tensorflow/lite/core/api/flatbuffer_conversions.cpp.obj
                0x10009a4c                tflite::ParseLogicalOr(tflite::Operator const*, tflite::ErrorReporter*, tflite::BuiltinDataAllocator*, void**)
 .text._ZN6tflite13ParseLogisticEPKNS_8OperatorEPNS_13ErrorReporterEPNS_20BuiltinDataAllocatorEPPv
                0x10009a50        0x4 CMakeFiles/kanjis.dir/pico-tflmicro/src/tensorflow/lite/core/api/flatbuffer_conversions.cpp.obj
                0x10009a50                tflite::ParseLogistic(tflite::Operator const*, tflite::ErrorReporter*, tflite::BuiltinDataAllocator*, void**)
 .text._ZN6tflite12ParseMaximumEPKNS_8OperatorEPNS_13ErrorReporterEPNS_20BuiltinDataAllocatorEPPv
                0x10009a54        0x4 CMakeFiles/kanjis.dir/pico-tflmicro/src/tensorflow/lite/core/api/flatbuffer_conversions.cpp.obj
                0x10009a54                tflite::ParseMaximum(tflite::Operator const*, tflite::ErrorReporter*, tflite::BuiltinDataAllocator*, void**)
 .text._ZN6tflite12ParseMinimumEPKNS_8OperatorEPNS_13ErrorReporterEPNS_20BuiltinDataAllocatorEPPv
                0x10009a58        0x4 CMakeFiles/kanjis.dir/pico-tflmicro/src/tensorflow/lite/core/api/flatbuffer_conversions.cpp.obj
                0x10009a58                tflite::ParseMinimum(tflite::Operator const*, tflite::ErrorReporter*, tflite::BuiltinDataAllocator*, void**)
 .text._ZN6tflite8ParseMulEPKNS_8OperatorEPNS_13ErrorReporterEPNS_20BuiltinDataAllocatorEPPv
                0x10009a5c       0x68 CMakeFiles/kanjis.dir/pico-tflmicro/src/tensorflow/lite/core/api/flatbuffer_conversions.cpp.obj
                0x10009a5c                tflite::ParseMul(tflite::Operator const*, tflite::ErrorReporter*, tflite::BuiltinDataAllocator*, void**)
 .text._ZN6tflite8ParseNegEPKNS_8OperatorEPNS_13ErrorReporterEPNS_20BuiltinDataAllocatorEPPv
                0x10009ac4        0x4 CMakeFiles/kanjis.dir/pico-tflmicro/src/tensorflow/lite/core/api/flatbuffer_conversions.cpp.obj
                0x10009ac4                tflite::ParseNeg(tflite::Operator const*, tflite::ErrorReporter*, tflite::BuiltinDataAllocator*, void**)
 .text._ZN6tflite13ParseNotEqualEPKNS_8OperatorEPNS_13ErrorReporterEPNS_20BuiltinDataAllocatorEPPv
                0x10009ac8        0x4 CMakeFiles/kanjis.dir/pico-tflmicro/src/tensorflow/lite/core/api/flatbuffer_conversions.cpp.obj
                0x10009ac8                tflite::ParseNotEqual(tflite::Operator const*, tflite::ErrorReporter*, tflite::BuiltinDataAllocator*, void**)
 .text._ZN6tflite9ParsePackEPKNS_8OperatorEPNS_13ErrorReporterEPNS_20BuiltinDataAllocatorEPPv
                0x10009acc       0x70 CMakeFiles/kanjis.dir/pico-tflmicro/src/tensorflow/lite/core/api/flatbuffer_conversions.cpp.obj
                0x10009acc                tflite::ParsePack(tflite::Operator const*, tflite::ErrorReporter*, tflite::BuiltinDataAllocator*, void**)
 .text._ZN6tflite8ParsePadEPKNS_8OperatorEPNS_13ErrorReporterEPNS_20BuiltinDataAllocatorEPPv
                0x10009b3c        0x4 CMakeFiles/kanjis.dir/pico-tflmicro/src/tensorflow/lite/core/api/flatbuffer_conversions.cpp.obj
                0x10009b3c                tflite::ParsePad(tflite::Operator const*, tflite::ErrorReporter*, tflite::BuiltinDataAllocator*, void**)
 .text._ZN6tflite10ParsePadV2EPKNS_8OperatorEPNS_13ErrorReporterEPNS_20BuiltinDataAllocatorEPPv
                0x10009b40        0x4 CMakeFiles/kanjis.dir/pico-tflmicro/src/tensorflow/lite/core/api/flatbuffer_conversions.cpp.obj
                0x10009b40                tflite::ParsePadV2(tflite::Operator const*, tflite::ErrorReporter*, tflite::BuiltinDataAllocator*, void**)
 .text._ZN6tflite9ParsePoolEPKNS_8OperatorEPNS_13ErrorReporterEPNS_20BuiltinDataAllocatorEPPv
                0x10009b44       0xcc CMakeFiles/kanjis.dir/pico-tflmicro/src/tensorflow/lite/core/api/flatbuffer_conversions.cpp.obj
                0x10009b44                tflite::ParsePool(tflite::Operator const*, tflite::ErrorReporter*, tflite::BuiltinDataAllocator*, void**)
 .text._ZN6tflite10ParsePreluEPKNS_8OperatorEPNS_13ErrorReporterEPNS_20BuiltinDataAllocatorEPPv
                0x10009c10        0x4 CMakeFiles/kanjis.dir/pico-tflmicro/src/tensorflow/lite/core/api/flatbuffer_conversions.cpp.obj
                0x10009c10                tflite::ParsePrelu(tflite::Operator const*, tflite::ErrorReporter*, tflite::BuiltinDataAllocator*, void**)
 .text._ZN6tflite13ParseQuantizeEPKNS_8OperatorEPNS_13ErrorReporterEPNS_20BuiltinDataAllocatorEPPv
                0x10009c14        0x4 CMakeFiles/kanjis.dir/pico-tflmicro/src/tensorflow/lite/core/api/flatbuffer_conversions.cpp.obj
                0x10009c14                tflite::ParseQuantize(tflite::Operator const*, tflite::ErrorReporter*, tflite::BuiltinDataAllocator*, void**)
 .text._ZN6tflite12ParseReducerEPKNS_8OperatorEPNS_13ErrorReporterEPNS_20BuiltinDataAllocatorEPPv
                0x10009c18       0x60 CMakeFiles/kanjis.dir/pico-tflmicro/src/tensorflow/lite/core/api/flatbuffer_conversions.cpp.obj
                0x10009c18                tflite::ParseReducer(tflite::Operator const*, tflite::ErrorReporter*, tflite::BuiltinDataAllocator*, void**)
 .text._ZN6tflite9ParseReluEPKNS_8OperatorEPNS_13ErrorReporterEPNS_20BuiltinDataAllocatorEPPv
                0x10009c78        0x4 CMakeFiles/kanjis.dir/pico-tflmicro/src/tensorflow/lite/core/api/flatbuffer_conversions.cpp.obj
                0x10009c78                tflite::ParseRelu(tflite::Operator const*, tflite::ErrorReporter*, tflite::BuiltinDataAllocator*, void**)
 .text._ZN6tflite10ParseRelu6EPKNS_8OperatorEPNS_13ErrorReporterEPNS_20BuiltinDataAllocatorEPPv
                0x10009c7c        0x4 CMakeFiles/kanjis.dir/pico-tflmicro/src/tensorflow/lite/core/api/flatbuffer_conversions.cpp.obj
                0x10009c7c                tflite::ParseRelu6(tflite::Operator const*, tflite::ErrorReporter*, tflite::BuiltinDataAllocator*, void**)
 .text._ZN6tflite12ParseReshapeEPKNS_8OperatorEPNS_13ErrorReporterEPNS_20BuiltinDataAllocatorEPPv
                0x10009c80       0xd8 CMakeFiles/kanjis.dir/pico-tflmicro/src/tensorflow/lite/core/api/flatbuffer_conversions.cpp.obj
                0x10009c80                tflite::ParseReshape(tflite::Operator const*, tflite::ErrorReporter*, tflite::BuiltinDataAllocator*, void**)
 .text._ZN6tflite26ParseResizeNearestNeighborEPKNS_8OperatorEPNS_13ErrorReporterEPNS_20BuiltinDataAllocatorEPPv
                0x10009d58       0x7c CMakeFiles/kanjis.dir/pico-tflmicro/src/tensorflow/lite/core/api/flatbuffer_conversions.cpp.obj
                0x10009d58                tflite::ParseResizeNearestNeighbor(tflite::Operator const*, tflite::ErrorReporter*, tflite::BuiltinDataAllocator*, void**)
 .text._ZN6tflite10ParseRoundEPKNS_8OperatorEPNS_13ErrorReporterEPNS_20BuiltinDataAllocatorEPPv
                0x10009dd4        0x4 CMakeFiles/kanjis.dir/pico-tflmicro/src/tensorflow/lite/core/api/flatbuffer_conversions.cpp.obj
                0x10009dd4                tflite::ParseRound(tflite::Operator const*, tflite::ErrorReporter*, tflite::BuiltinDataAllocator*, void**)
 .text._ZN6tflite10ParseRsqrtEPKNS_8OperatorEPNS_13ErrorReporterEPNS_20BuiltinDataAllocatorEPPv
                0x10009dd8        0x4 CMakeFiles/kanjis.dir/pico-tflmicro/src/tensorflow/lite/core/api/flatbuffer_conversions.cpp.obj
                0x10009dd8                tflite::ParseRsqrt(tflite::Operator const*, tflite::ErrorReporter*, tflite::BuiltinDataAllocator*, void**)
 .text._ZN6tflite10ParseShapeEPKNS_8OperatorEPNS_13ErrorReporterEPNS_20BuiltinDataAllocatorEPPv
                0x10009ddc       0x80 CMakeFiles/kanjis.dir/pico-tflmicro/src/tensorflow/lite/core/api/flatbuffer_conversions.cpp.obj
                0x10009ddc                tflite::ParseShape(tflite::Operator const*, tflite::ErrorReporter*, tflite::BuiltinDataAllocator*, void**)
 .text._ZN6tflite8ParseSinEPKNS_8OperatorEPNS_13ErrorReporterEPNS_20BuiltinDataAllocatorEPPv
                0x10009e5c        0x4 CMakeFiles/kanjis.dir/pico-tflmicro/src/tensorflow/lite/core/api/flatbuffer_conversions.cpp.obj
                0x10009e5c                tflite::ParseSin(tflite::Operator const*, tflite::ErrorReporter*, tflite::BuiltinDataAllocator*, void**)
 .text._ZN6tflite12ParseSoftmaxEPKNS_8OperatorEPNS_13ErrorReporterEPNS_20BuiltinDataAllocatorEPPv
                0x10009e60       0x5c CMakeFiles/kanjis.dir/pico-tflmicro/src/tensorflow/lite/core/api/flatbuffer_conversions.cpp.obj
                0x10009e60                tflite::ParseSoftmax(tflite::Operator const*, tflite::ErrorReporter*, tflite::BuiltinDataAllocator*, void**)
 .text._ZN6tflite10ParseSplitEPKNS_8OperatorEPNS_13ErrorReporterEPNS_20BuiltinDataAllocatorEPPv
                0x10009ebc       0x5c CMakeFiles/kanjis.dir/pico-tflmicro/src/tensorflow/lite/core/api/flatbuffer_conversions.cpp.obj
                0x10009ebc                tflite::ParseSplit(tflite::Operator const*, tflite::ErrorReporter*, tflite::BuiltinDataAllocator*, void**)
 .text._ZN6tflite11ParseSplitVEPKNS_8OperatorEPNS_13ErrorReporterEPNS_20BuiltinDataAllocatorEPPv
                0x10009f18       0x5c CMakeFiles/kanjis.dir/pico-tflmicro/src/tensorflow/lite/core/api/flatbuffer_conversions.cpp.obj
                0x10009f18                tflite::ParseSplitV(tflite::Operator const*, tflite::ErrorReporter*, tflite::BuiltinDataAllocator*, void**)
 .text._ZN6tflite9ParseSqrtEPKNS_8OperatorEPNS_13ErrorReporterEPNS_20BuiltinDataAllocatorEPPv
                0x10009f74        0x4 CMakeFiles/kanjis.dir/pico-tflmicro/src/tensorflow/lite/core/api/flatbuffer_conversions.cpp.obj
                0x10009f74                tflite::ParseSqrt(tflite::Operator const*, tflite::ErrorReporter*, tflite::BuiltinDataAllocator*, void**)
 .text._ZN6tflite11ParseSquareEPKNS_8OperatorEPNS_13ErrorReporterEPNS_20BuiltinDataAllocatorEPPv
                0x10009f78        0x4 CMakeFiles/kanjis.dir/pico-tflmicro/src/tensorflow/lite/core/api/flatbuffer_conversions.cpp.obj
                0x10009f78                tflite::ParseSquare(tflite::Operator const*, tflite::ErrorReporter*, tflite::BuiltinDataAllocator*, void**)
 .text._ZN6tflite17ParseStridedSliceEPKNS_8OperatorEPNS_13ErrorReporterEPNS_20BuiltinDataAllocatorEPPv
                0x10009f7c       0xa4 CMakeFiles/kanjis.dir/pico-tflmicro/src/tensorflow/lite/core/api/flatbuffer_conversions.cpp.obj
                0x10009f7c                tflite::ParseStridedSlice(tflite::Operator const*, tflite::ErrorReporter*, tflite::BuiltinDataAllocator*, void**)
 .text._ZN6tflite8ParseSubEPKNS_8OperatorEPNS_13ErrorReporterEPNS_20BuiltinDataAllocatorEPPv
                0x1000a020       0xa0 CMakeFiles/kanjis.dir/pico-tflmicro/src/tensorflow/lite/core/api/flatbuffer_conversions.cpp.obj
                0x1000a020                tflite::ParseSub(tflite::Operator const*, tflite::ErrorReporter*, tflite::BuiltinDataAllocator*, void**)
 .text._ZN6tflite9ParseSvdfEPKNS_8OperatorEPNS_13ErrorReporterEPNS_20BuiltinDataAllocatorEPPv
                0x1000a0c0       0xb4 CMakeFiles/kanjis.dir/pico-tflmicro/src/tensorflow/lite/core/api/flatbuffer_conversions.cpp.obj
                0x1000a0c0                tflite::ParseSvdf(tflite::Operator const*, tflite::ErrorReporter*, tflite::BuiltinDataAllocator*, void**)
 .text._ZN6tflite9ParseTanhEPKNS_8OperatorEPNS_13ErrorReporterEPNS_20BuiltinDataAllocatorEPPv
                0x1000a174        0x4 CMakeFiles/kanjis.dir/pico-tflmicro/src/tensorflow/lite/core/api/flatbuffer_conversions.cpp.obj
                0x1000a174                tflite::ParseTanh(tflite::Operator const*, tflite::ErrorReporter*, tflite::BuiltinDataAllocator*, void**)
 .text._ZN6tflite11ParseUnpackEPKNS_8OperatorEPNS_13ErrorReporterEPNS_20BuiltinDataAllocatorEPPv
                0x1000a178       0x70 CMakeFiles/kanjis.dir/pico-tflmicro/src/tensorflow/lite/core/api/flatbuffer_conversions.cpp.obj
                0x1000a178                tflite::ParseUnpack(tflite::Operator const*, tflite::ErrorReporter*, tflite::BuiltinDataAllocator*, void**)
 .text._ZN6tflite25GetRegistrationFromOpCodeEPKNS_12OperatorCodeERKNS_10OpResolverEPNS_13ErrorReporterEPPK18TfLiteRegistration
                0x1000a1e8       0xc4 CMakeFiles/kanjis.dir/pico-tflmicro/src/tensorflow/lite/core/api/op_resolver.cpp.obj
                0x1000a1e8                tflite::GetRegistrationFromOpCode(tflite::OperatorCode const*, tflite::OpResolver const&, tflite::ErrorReporter*, TfLiteRegistration const**)
 .text._ZN6tflite18QuantizeMultiplierEdPlPi
                0x1000a2ac       0x78 CMakeFiles/kanjis.dir/pico-tflmicro/src/tensorflow/lite/kernels/internal/quantization_util.cpp.obj
                0x1000a2ac                tflite::QuantizeMultiplier(double, long*, int*)
 .text._ZN6tflite35QuantizeMultiplierSmallerThanOneExpEdPlPi
                0x1000a324       0x90 CMakeFiles/kanjis.dir/pico-tflmicro/src/tensorflow/lite/kernels/internal/quantization_util.cpp.obj
                0x1000a324                tflite::QuantizeMultiplierSmallerThanOneExp(double, long*, int*)
 .text._ZN6tflite24PreprocessSoftmaxScalingEddiPlPi
                0x1000a3b4       0xf8 CMakeFiles/kanjis.dir/pico-tflmicro/src/tensorflow/lite/kernels/internal/quantization_util.cpp.obj
                0x1000a3b4                tflite::PreprocessSoftmaxScaling(double, double, int, long*, int*)
 .text._ZN6tflite20CalculateInputRadiusEiii
                0x1000a4ac       0x90 CMakeFiles/kanjis.dir/pico-tflmicro/src/tensorflow/lite/kernels/internal/quantization_util.cpp.obj
                0x1000a4ac                tflite::CalculateInputRadius(int, int, int)
 .text._ZN6tflite8GetInputEPK13TfLiteContextPK10TfLiteNodei
                0x1000a53c       0x2c CMakeFiles/kanjis.dir/pico-tflmicro/src/tensorflow/lite/kernels/kernel_util.cpp.obj
                0x1000a53c                tflite::GetInput(TfLiteContext const*, TfLiteNode const*, int)
 .text._ZN6tflite9GetOutputEP13TfLiteContextPK10TfLiteNodei
                0x1000a568       0x2c CMakeFiles/kanjis.dir/pico-tflmicro/src/tensorflow/lite/kernels/kernel_util.cpp.obj
                0x1000a568                tflite::GetOutput(TfLiteContext*, TfLiteNode const*, int)
 .text._ZN6tflite22GetOptionalInputTensorEPK13TfLiteContextPK10TfLiteNodei
                0x1000a594       0x2c CMakeFiles/kanjis.dir/pico-tflmicro/src/tensorflow/lite/kernels/kernel_util.cpp.obj
                0x1000a594                tflite::GetOptionalInputTensor(TfLiteContext const*, TfLiteNode const*, int)
 .text._ZN6tflite32GetQuantizedConvolutionMultiplerEP13TfLiteContextPK12TfLiteTensorS4_S4_PS2_Pd
                0x1000a5c0       0xf0 CMakeFiles/kanjis.dir/pico-tflmicro/src/tensorflow/lite/kernels/kernel_util.cpp.obj
                0x1000a5c0                tflite::GetQuantizedConvolutionMultipler(TfLiteContext*, TfLiteTensor const*, TfLiteTensor const*, TfLiteTensor const*, TfLiteTensor*, double*)
 .text._ZN6tflite33CalculateActivationRangeQuantizedEP13TfLiteContext21TfLiteFusedActivationP12TfLiteTensorPlS5_
                0x1000a6b0      0x10c CMakeFiles/kanjis.dir/pico-tflmicro/src/tensorflow/lite/kernels/kernel_util.cpp.obj
                0x1000a6b0                tflite::CalculateActivationRangeQuantized(TfLiteContext*, TfLiteFusedActivation, TfLiteTensor*, long*, long*)
 .text._ZN6tflite37PopulateConvolutionQuantizationParamsEP13TfLiteContextPK12TfLiteTensorS4_S4_PS2_RK21TfLiteFusedActivationPlPiS9_S9_S9_SA_i
                0x1000a7bc      0x364 CMakeFiles/kanjis.dir/pico-tflmicro/src/tensorflow/lite/kernels/kernel_util.cpp.obj
                0x1000a7bc                tflite::PopulateConvolutionQuantizationParams(TfLiteContext*, TfLiteTensor const*, TfLiteTensor const*, TfLiteTensor const*, TfLiteTensor*, TfLiteFusedActivation const&, long*, int*, long*, long*, long*, int*, int)
 .text._ZN6tflite14HaveSameShapesEPK12TfLiteTensorS2_
                0x1000ab20       0x14 CMakeFiles/kanjis.dir/pico-tflmicro/src/tensorflow/lite/kernels/kernel_util.cpp.obj
                0x1000ab20                tflite::HaveSameShapes(TfLiteTensor const*, TfLiteTensor const*)
 .text._ZNK6tflite10OpResolver12GetDelegatesEi
                0x1000ab34       0x10 CMakeFiles/kanjis.dir/pico-tflmicro/src/tensorflow/lite/micro/all_ops_resolver.cpp.obj
                0x1000ab34                tflite::OpResolver::GetDelegates(int) const
 .text._ZNK6tflite22MicroMutableOpResolverILj128EE6FindOpENS_15BuiltinOperatorE
                0x1000ab44       0x34 CMakeFiles/kanjis.dir/pico-tflmicro/src/tensorflow/lite/micro/all_ops_resolver.cpp.obj
                0x1000ab44                tflite::MicroMutableOpResolver<128u>::FindOp(tflite::BuiltinOperator) const
 .text._ZN6tflite14AllOpsResolverD0Ev
                0x1000ab78        0x4 CMakeFiles/kanjis.dir/pico-tflmicro/src/tensorflow/lite/micro/all_ops_resolver.cpp.obj
                0x1000ab78                tflite::AllOpsResolver::~AllOpsResolver()
                0x1000ab78                tflite::AllOpsResolver::~AllOpsResolver()
                0x1000ab78                tflite::AllOpsResolver::~AllOpsResolver()
 .text._ZNK6tflite22MicroMutableOpResolverILj128EE15GetOpDataParserENS_15BuiltinOperatorE
                0x1000ab7c       0x3c CMakeFiles/kanjis.dir/pico-tflmicro/src/tensorflow/lite/micro/all_ops_resolver.cpp.obj
                0x1000ab7c                tflite::MicroMutableOpResolver<128u>::GetOpDataParser(tflite::BuiltinOperator) const
 .text._ZNK6tflite22MicroMutableOpResolverILj128EE6FindOpEPKc
                0x1000abb8       0x48 CMakeFiles/kanjis.dir/pico-tflmicro/src/tensorflow/lite/micro/all_ops_resolver.cpp.obj
                0x1000abb8                tflite::MicroMutableOpResolver<128u>::FindOp(char const*) const
 .text._ZNK6tflite15MicroOpResolver6FindOpENS_15BuiltinOperatorEi